../User/LCD/LCD_1inch28.c:44:13:LCD_1IN28_SendCommand	8	static
../User/LCD/LCD_1inch28.c:57:13:LCD_1IN28_SendData_8Bit	8	static
../User/LCD/LCD_1inch28.c:353:6:LCD_1IN28_Init	16	static
../User/LCD/LCD_1inch28.c:375:6:LCD_1IN28_SetWindows	24	static
../User/LCD/LCD_1inch28.c:398:6:LCD_1IN28_Clear	24	static
../User/LCD/LCD_1inch28.c:416:6:LCD_1IN28_Display	32	static
../User/LCD/LCD_1inch28.c:429:6:LCD_1IN28_DisplayWindows	40	static
../User/LCD/LCD_1inch28.c:453:6:LCD_1IN28_DrawPaint	8	static
../User/LCD/LCD_1inch28.c:465:6:LCD_1IN28_SetBackLight	0	static
