../User/GUI_DEV/GUI_Paint.c:92:6:Paint_NewImage	8	static
../User/GUI_DEV/GUI_Paint.c:116:6:Paint_SetClearFuntion	0	static
../User/GUI_DEV/GUI_Paint.c:125:6:Paint_SetDisplayFuntion	0	static
../User/GUI_DEV/GUI_Paint.c:135:6:Paint_SetRotate	0	static
../User/GUI_DEV/GUI_Paint.c:149:6:Paint_SetMirroring	0	static
../User/GUI_DEV/GUI_Paint.c:166:6:Paint_SetPixel	16	static
../User/GUI_DEV/GUI_Paint.c:225:6:Paint_Clear	8	static
../User/GUI_DEV/GUI_Paint.c:238:6:Paint_ClearWindows	32	static
../User/GUI_DEV/GUI_Paint.c:256:6:Paint_DrawPoint	48	static
../User/GUI_DEV/GUI_Paint.c:290:6:Paint_DrawLine	80	static
../User/GUI_DEV/GUI_Paint.c:345:6:Paint_DrawRectangle	56	static
../User/GUI_DEV/GUI_Paint.c:376:6:Paint_DrawCircle	80	static
../User/GUI_DEV/GUI_Paint.c:444:6:Paint_DrawChar	48	static
../User/GUI_DEV/GUI_Paint.c:492:6:Paint_DrawString_EN	48	static
../User/GUI_DEV/GUI_Paint.c:536:6:Paint_DrawString_CN	48	static
../User/GUI_DEV/GUI_Paint.c:631:6:Paint_DrawNum	568	static
../User/GUI_DEV/GUI_Paint.c:697:6:Paint_DrawTime	80	static
../User/GUI_DEV/GUI_Paint.c:724:6:Paint_DrawImage	48	static
