17:30:49 **** Incremental Build of configuration Debug for project Remote ****
make -j12 all 
arm-none-eabi-size  Remote.elf 
   text	   data	    bss	    dec	    hex	filename
  25532	     20	   2172	  27724	   6c4c	Remote.elf
Finished building: default.size.stdout
 
17:30:54 **** Incremental Build of configuration Debug for project Remote ****
make -j12 all 
arm-none-eabi-size  Remote.elf 
   text	   data	    bss	    dec	    hex	filename
  25532	     20	   2172	  27724	   6c4c	Remote.elf
Finished building: default.size.stdout
 
17:31:18 **** Incremental Build of configuration Debug for project Receiver ****
make -j12 all 
arm-none-eabi-size  Receiver.elf 
   text	   data	    bss	    dec	    hex	filename
  26664	     28	   2012	  28704	   7020	Receiver.elf
Finished building: default.size.stdout
 
17:31:31 **** Incremental Build of configuration Debug for project Receiver ****
make -j12 all 
arm-none-eabi-size  Receiver.elf 
   text	   data	    bss	    dec	    hex	filename
  26664	     28	   2012	  28704	   7020	Receiver.elf
Finished building: default.size.stdout
 
18:04:49 **** Incremental Build of configuration Debug for project Receiver ****
make -j12 all 
arm-none-eabi-size  Receiver.elf 
   text	   data	    bss	    dec	    hex	filename
  26664	     28	   2012	  28704	   7020	Receiver.elf
Finished building: default.size.stdout
 
19:38:36 **** Incremental Build of configuration Debug for project Receiver ****
make -j12 all 
arm-none-eabi-size  Receiver.elf 
   text	   data	    bss	    dec	    hex	filename
  26664	     28	   2012	  28704	   7020	Receiver.elf
Finished building: default.size.stdout
 
14:12:41 **** Build of configuration Debug for project Remote ****
make -j12 all 
arm-none-eabi-gcc "../NRF24L01/NRF24L01.c" -mcpu=cortex-m0plus -std=gnu11 -g3 -DDEBUG -DUSE_HAL_DRIVER -DSTM32G031xx -c -I"C:/Users/nate_/Documents/Electric_Skateboard/Software/Remote/User/Fonts" -I"C:/Users/nate_/Documents/Electric_Skateboard/Software/Remote/User/Config" -I"C:/Users/nate_/Documents/Electric_Skateboard/Software/Remote/User/example" -I"C:/Users/nate_/Documents/Electric_Skateboard/Software/Remote/User/GUI_DEV" -I"C:/Users/nate_/Documents/Electric_Skateboard/Software/Remote/User/LCD" -I../Core/Inc -I../Drivers/STM32G0xx_HAL_Driver/Inc -I../Drivers/STM32G0xx_HAL_Driver/Inc/Legacy -I../Drivers/CMSIS/Device/ST/STM32G0xx/Include -I../Drivers/CMSIS/Include -I"C:/Users/nate_/Documents/Electric_Skateboard/Software/Remote/NRF24L01" -I"C:/Users/nate_/Documents/Electric_Skateboard/Software/Remote/User" -O0 -ffunction-sections -fdata-sections -Wall -fstack-usage -fcyclomatic-complexity -MMD -MP -MF"NRF24L01/NRF24L01.d" -MT"NRF24L01/NRF24L01.o" --specs=nano.specs -mfloat-abi=soft -mthumb -o "NRF24L01/NRF24L01.o"
arm-none-eabi-gcc "../Core/Src/main.c" -mcpu=cortex-m0plus -std=gnu11 -g3 -DDEBUG -DUSE_HAL_DRIVER -DSTM32G031xx -c -I"C:/Users/nate_/Documents/Electric_Skateboard/Software/Remote/User/Fonts" -I"C:/Users/nate_/Documents/Electric_Skateboard/Software/Remote/User/Config" -I"C:/Users/nate_/Documents/Electric_Skateboard/Software/Remote/User/example" -I"C:/Users/nate_/Documents/Electric_Skateboard/Software/Remote/User/GUI_DEV" -I"C:/Users/nate_/Documents/Electric_Skateboard/Software/Remote/User/LCD" -I../Core/Inc -I../Drivers/STM32G0xx_HAL_Driver/Inc -I../Drivers/STM32G0xx_HAL_Driver/Inc/Legacy -I../Drivers/CMSIS/Device/ST/STM32G0xx/Include -I../Drivers/CMSIS/Include -I"C:/Users/nate_/Documents/Electric_Skateboard/Software/Remote/NRF24L01" -I"C:/Users/nate_/Documents/Electric_Skateboard/Software/Remote/User" -O0 -ffunction-sections -fdata-sections -Wall -fstack-usage -fcyclomatic-complexity -MMD -MP -MF"Core/Src/main.d" -MT"Core/Src/main.o" --specs=nano.specs -mfloat-abi=soft -mthumb -o "Core/Src/main.o"
../Core/Src/main.c: In function 'main':
../Core/Src/main.c:148:11: warning: unused variable 'RX_data' [-Wunused-variable]
  148 |   uint8_t RX_data[32] = {0};
      |           ^~~~~~~
../Core/Src/main.c:113:11: warning: unused variable 'RX_addr' [-Wunused-variable]
  113 |   uint8_t RX_addr[] = {0x99, 0x88, 0x77, 0x66, 0x55};
      |           ^~~~~~~
../Core/Src/main.c: In function 'HAL_TIM_PeriodElapsedCallback':
../Core/Src/main.c:261:13: warning: unused variable 'trans_stat' [-Wunused-variable]
  261 |         int trans_stat = nrf_send_adc(adc_val);
      |             ^~~~~~~~~~
At top level:
../Core/Src/main.c:57:16: warning: 'adc_trans_task' defined but not used [-Wunused-variable]
   57 | static uint8_t adc_trans_task = 0;
      |                ^~~~~~~~~~~~~~
arm-none-eabi-gcc -o "Remote.elf" @"objects.list"   -mcpu=cortex-m0plus -T"C:\Users\nate_\Documents\Electric_Skateboard\Software\Remote\STM32G031F8PX_FLASH.ld" --specs=nosys.specs -Wl,-Map="Remote.map" -Wl,--gc-sections -static -L"C:\Users\nate_\Documents\Electric_Skateboard\Software\Remote\User" --specs=nano.specs -mfloat-abi=soft -mthumb -Wl,--start-group -lc -lm -Wl,--end-group
Finished building target: Remote.elf
 
arm-none-eabi-size  Remote.elf 
arm-none-eabi-objdump -h -S Remote.elf  > "Remote.list"
   text	   data	    bss	    dec	    hex	filename
  34532	     32	   2208	  36772	   8fa4	Remote.elf
Finished building: default.size.stdout
 
Finished building: Remote.list
 
14:20:59 **** Build of configuration Debug for project Receiver ****
make -j12 all 
arm-none-eabi-gcc "../Core/Src/main.c" -mcpu=cortex-m0plus -std=gnu11 -g3 -DDEBUG -DUSE_HAL_DRIVER -DSTM32G031xx -c -I../Core/Inc -I"C:/Users/nate_/Documents/Electric_Skateboard/Software/Receiver/VESC" -I../Drivers/STM32G0xx_HAL_Driver/Inc -I../Drivers/STM32G0xx_HAL_Driver/Inc/Legacy -I../Drivers/CMSIS/Device/ST/STM32G0xx/Include -I../Drivers/CMSIS/Include -I"C:/Users/nate_/Documents/Electric_Skateboard/Software/Receiver/NRF24L01" -O0 -ffunction-sections -fdata-sections -Wall -fstack-usage -fcyclomatic-complexity -MMD -MP -MF"Core/Src/main.d" -MT"Core/Src/main.o" --specs=nano.specs -mfloat-abi=soft -mthumb -o "Core/Src/main.o"
arm-none-eabi-gcc -o "Receiver.elf" @"objects.list"   -mcpu=cortex-m0plus -T"C:\Users\nate_\Documents\Electric_Skateboard\Software\Receiver\STM32G031F8PX_FLASH.ld" --specs=nosys.specs -Wl,-Map="Receiver.map" -Wl,--gc-sections -static --specs=nano.specs -mfloat-abi=soft -mthumb -Wl,--start-group -lc -lm -Wl,--end-group
Finished building target: Receiver.elf
 
arm-none-eabi-size  Receiver.elf 
arm-none-eabi-objdump -h -S Receiver.elf  > "Receiver.list"
   text	   data	    bss	    dec	    hex	filename
  24852	     28	   2012	  26892	   690c	Receiver.elf
Finished building: default.size.stdout
 
Finished building: Receiver.list
 
14:21:24 **** Incremental Build of configuration Debug for project Receiver ****
make -j12 all 
arm-none-eabi-size  Receiver.elf 
   text	   data	    bss	    dec	    hex	filename
  24852	     28	   2012	  26892	   690c	Receiver.elf
Finished building: default.size.stdout
 
14:25:24 **** Incremental Build of configuration Debug for project Receiver ****
make -j12 all 
arm-none-eabi-size  Receiver.elf 
   text	   data	    bss	    dec	    hex	filename
  24852	     28	   2012	  26892	   690c	Receiver.elf
Finished building: default.size.stdout
 
