16:57:25 **** Incremental Build of configuration Release for project Remote_Software ****
make -j12 all 
arm-none-eabi-gcc "../Core/Src/main.c" -mcpu=cortex-m0plus -std=gnu11 -DUSE_HAL_DRIVER -DSTM32G030xx -c -I../Core/Inc -I../Drivers/STM32G0xx_HAL_Driver/Inc -I../Drivers/STM32G0xx_HAL_Driver/Inc/Legacy -I../Drivers/CMSIS/Device/ST/STM32G0xx/Include -I../Drivers/CMSIS/Include -I"C:/Users/nate_/Documents/Electric_Skateboard/Software/Remote_Software/User/LCD" -I"C:/Users/nate_/Documents/Electric_Skateboard/Software/Remote_Software/User/Config" -I"C:/Users/nate_/Documents/Electric_Skateboard/Software/Remote_Software/User/GUI_DEV" -I"C:/Users/nate_/Documents/Electric_Skateboard/Software/Remote_Software/User/Fonts" -I"C:/Users/nate_/Documents/Electric_Skateboard/Software/Remote_Software/User/example" -Os -ffunction-sections -fdata-sections -Wall -fstack-usage -fcyclomatic-complexity -MMD -MP -MF"Core/Src/main.d" -MT"Core/Src/main.o" --specs=nano.specs -mfloat-abi=soft -mthumb -o "Core/Src/main.o"
arm-none-eabi-gcc -o "Remote_Software.elf" @"objects.list"   -mcpu=cortex-m0plus -T"C:\Users\nate_\Documents\Electric_Skateboard\Software\Remote_Software\STM32G030F6PX_FLASH.ld" --specs=nosys.specs -Wl,-Map="Remote_Software.map" -Wl,--gc-sections -static --specs=nano.specs -mfloat-abi=soft -mthumb -Wl,--start-group -lc -lm -Wl,--end-group
Finished building target: Remote_Software.elf
 
arm-none-eabi-size  Remote_Software.elf 
arm-none-eabi-objdump -h -S Remote_Software.elf  > "Remote_Software.list"
   text	   data	    bss	    dec	    hex	filename
  17844	     28	   2132	  20004	   4e24	Remote_Software.elf
Finished building: default.size.stdout
 
Finished building: Remote_Software.list
 

16:57:26 Build Finished. 0 errors, 0 warnings. (took 992ms)

