Archive member included to satisfy reference by file (symbol)

C:/ST/STM32CubeIDE_1.12.0/STM32CubeIDE/plugins/com.st.stm32cube.ide.mcu.externaltools.gnu-tools-for-stm32.11.3.rel1.win32_1.1.100.202309141235/tools/bin/../lib/gcc/arm-none-eabi/11.3.1/../../../../arm-none-eabi/lib/thumb/v6-m/nofp\libc_nano.a(libc_a-exit.o)
                              C:/ST/STM32CubeIDE_1.12.0/STM32CubeIDE/plugins/com.st.stm32cube.ide.mcu.externaltools.gnu-tools-for-stm32.11.3.rel1.win32_1.1.100.202309141235/tools/bin/../lib/gcc/arm-none-eabi/11.3.1/../../../../arm-none-eabi/lib/thumb/v6-m/nofp/crt0.o (exit)
C:/ST/STM32CubeIDE_1.12.0/STM32CubeIDE/plugins/com.st.stm32cube.ide.mcu.externaltools.gnu-tools-for-stm32.11.3.rel1.win32_1.1.100.202309141235/tools/bin/../lib/gcc/arm-none-eabi/11.3.1/../../../../arm-none-eabi/lib/thumb/v6-m/nofp\libc_nano.a(libc_a-findfp.o)
                              C:/ST/STM32CubeIDE_1.12.0/STM32CubeIDE/plugins/com.st.stm32cube.ide.mcu.externaltools.gnu-tools-for-stm32.11.3.rel1.win32_1.1.100.202309141235/tools/bin/../lib/gcc/arm-none-eabi/11.3.1/../../../../arm-none-eabi/lib/thumb/v6-m/nofp\libc_nano.a(libc_a-exit.o) (__stdio_exit_handler)
C:/ST/STM32CubeIDE_1.12.0/STM32CubeIDE/plugins/com.st.stm32cube.ide.mcu.externaltools.gnu-tools-for-stm32.11.3.rel1.win32_1.1.100.202309141235/tools/bin/../lib/gcc/arm-none-eabi/11.3.1/../../../../arm-none-eabi/lib/thumb/v6-m/nofp\libc_nano.a(libc_a-fwalk.o)
                              C:/ST/STM32CubeIDE_1.12.0/STM32CubeIDE/plugins/com.st.stm32cube.ide.mcu.externaltools.gnu-tools-for-stm32.11.3.rel1.win32_1.1.100.202309141235/tools/bin/../lib/gcc/arm-none-eabi/11.3.1/../../../../arm-none-eabi/lib/thumb/v6-m/nofp\libc_nano.a(libc_a-findfp.o) (_fwalk_sglue)
C:/ST/STM32CubeIDE_1.12.0/STM32CubeIDE/plugins/com.st.stm32cube.ide.mcu.externaltools.gnu-tools-for-stm32.11.3.rel1.win32_1.1.100.202309141235/tools/bin/../lib/gcc/arm-none-eabi/11.3.1/../../../../arm-none-eabi/lib/thumb/v6-m/nofp\libc_nano.a(libc_a-stdio.o)
                              C:/ST/STM32CubeIDE_1.12.0/STM32CubeIDE/plugins/com.st.stm32cube.ide.mcu.externaltools.gnu-tools-for-stm32.11.3.rel1.win32_1.1.100.202309141235/tools/bin/../lib/gcc/arm-none-eabi/11.3.1/../../../../arm-none-eabi/lib/thumb/v6-m/nofp\libc_nano.a(libc_a-findfp.o) (__sread)
C:/ST/STM32CubeIDE_1.12.0/STM32CubeIDE/plugins/com.st.stm32cube.ide.mcu.externaltools.gnu-tools-for-stm32.11.3.rel1.win32_1.1.100.202309141235/tools/bin/../lib/gcc/arm-none-eabi/11.3.1/../../../../arm-none-eabi/lib/thumb/v6-m/nofp\libc_nano.a(libc_a-memset.o)
                              C:/ST/STM32CubeIDE_1.12.0/STM32CubeIDE/plugins/com.st.stm32cube.ide.mcu.externaltools.gnu-tools-for-stm32.11.3.rel1.win32_1.1.100.202309141235/tools/bin/../lib/gcc/arm-none-eabi/11.3.1/../../../../arm-none-eabi/lib/thumb/v6-m/nofp/crt0.o (memset)
C:/ST/STM32CubeIDE_1.12.0/STM32CubeIDE/plugins/com.st.stm32cube.ide.mcu.externaltools.gnu-tools-for-stm32.11.3.rel1.win32_1.1.100.202309141235/tools/bin/../lib/gcc/arm-none-eabi/11.3.1/../../../../arm-none-eabi/lib/thumb/v6-m/nofp\libc_nano.a(libc_a-closer.o)
                              C:/ST/STM32CubeIDE_1.12.0/STM32CubeIDE/plugins/com.st.stm32cube.ide.mcu.externaltools.gnu-tools-for-stm32.11.3.rel1.win32_1.1.100.202309141235/tools/bin/../lib/gcc/arm-none-eabi/11.3.1/../../../../arm-none-eabi/lib/thumb/v6-m/nofp\libc_nano.a(libc_a-stdio.o) (_close_r)
C:/ST/STM32CubeIDE_1.12.0/STM32CubeIDE/plugins/com.st.stm32cube.ide.mcu.externaltools.gnu-tools-for-stm32.11.3.rel1.win32_1.1.100.202309141235/tools/bin/../lib/gcc/arm-none-eabi/11.3.1/../../../../arm-none-eabi/lib/thumb/v6-m/nofp\libc_nano.a(libc_a-reent.o)
                              C:/ST/STM32CubeIDE_1.12.0/STM32CubeIDE/plugins/com.st.stm32cube.ide.mcu.externaltools.gnu-tools-for-stm32.11.3.rel1.win32_1.1.100.202309141235/tools/bin/../lib/gcc/arm-none-eabi/11.3.1/../../../../arm-none-eabi/lib/thumb/v6-m/nofp\libc_nano.a(libc_a-closer.o) (errno)
C:/ST/STM32CubeIDE_1.12.0/STM32CubeIDE/plugins/com.st.stm32cube.ide.mcu.externaltools.gnu-tools-for-stm32.11.3.rel1.win32_1.1.100.202309141235/tools/bin/../lib/gcc/arm-none-eabi/11.3.1/../../../../arm-none-eabi/lib/thumb/v6-m/nofp\libc_nano.a(libc_a-impure.o)
                              C:/ST/STM32CubeIDE_1.12.0/STM32CubeIDE/plugins/com.st.stm32cube.ide.mcu.externaltools.gnu-tools-for-stm32.11.3.rel1.win32_1.1.100.202309141235/tools/bin/../lib/gcc/arm-none-eabi/11.3.1/../../../../arm-none-eabi/lib/thumb/v6-m/nofp\libc_nano.a(libc_a-reent.o) (_impure_ptr)
C:/ST/STM32CubeIDE_1.12.0/STM32CubeIDE/plugins/com.st.stm32cube.ide.mcu.externaltools.gnu-tools-for-stm32.11.3.rel1.win32_1.1.100.202309141235/tools/bin/../lib/gcc/arm-none-eabi/11.3.1/../../../../arm-none-eabi/lib/thumb/v6-m/nofp\libc_nano.a(libc_a-lseekr.o)
[...]
Memory Configuration

Name             Origin             Length             Attributes
RAM              0x0000000020000000 0x0000000000002000 xrw
FLASH            0x0000000008000000 0x0000000000008000 xr
*default*        0x0000000000000000 0xffffffffffffffff

Linker script and memory map

LOAD C:/ST/STM32CubeIDE_1.12.0/STM32CubeIDE/plugins/com.st.stm32cube.ide.mcu.externaltools.gnu-tools-for-stm32.11.3.rel1.win32_1.1.100.202309141235/tools/bin/../lib/gcc/arm-none-eabi/11.3.1/thumb/v6-m/nofp/crti.o
LOAD C:/ST/STM32CubeIDE_1.12.0/STM32CubeIDE/plugins/com.st.stm32cube.ide.mcu.externaltools.gnu-tools-for-stm32.11.3.rel1.win32_1.1.100.202309141235/tools/bin/../lib/gcc/arm-none-eabi/11.3.1/thumb/v6-m/nofp/crtbegin.o
LOAD C:/ST/STM32CubeIDE_1.12.0/STM32CubeIDE/plugins/com.st.stm32cube.ide.mcu.externaltools.gnu-tools-for-stm32.11.3.rel1.win32_1.1.100.202309141235/tools/bin/../lib/gcc/arm-none-eabi/11.3.1/../../../../arm-none-eabi/lib/thumb/v6-m/nofp/crt0.o
LOAD ./Core/Src/adc.o
LOAD ./Core/Src/gpio.o
LOAD ./Core/Src/main.o
LOAD ./Core/Src/spi.o
LOAD ./Core/Src/stm32g0xx_hal_msp.o
LOAD ./Core/Src/stm32g0xx_it.o
LOAD ./Core/Src/syscalls.o
LOAD ./Core/Src/sysmem.o
LOAD ./Core/Src/system_stm32g0xx.o
LOAD ./Core/Src/tim.o
LOAD ./Core/Src/usart.o
LOAD ./Core/Startup/startup_stm32g030f6px.o
LOAD ./Drivers/STM32G0xx_HAL_Driver/Src/stm32g0xx_hal.o
LOAD ./Drivers/STM32G0xx_HAL_Driver/Src/stm32g0xx_hal_adc.o
LOAD ./Drivers/STM32G0xx_HAL_Driver/Src/stm32g0xx_hal_adc_ex.o
LOAD ./Drivers/STM32G0xx_HAL_Driver/Src/stm32g0xx_hal_cortex.o
LOAD ./Drivers/STM32G0xx_HAL_Driver/Src/stm32g0xx_hal_dma.o
LOAD ./Drivers/STM32G0xx_HAL_Driver/Src/stm32g0xx_hal_dma_ex.o
LOAD ./Drivers/STM32G0xx_HAL_Driver/Src/stm32g0xx_hal_exti.o
LOAD ./Drivers/STM32G0xx_HAL_Driver/Src/stm32g0xx_hal_flash.o
LOAD ./Drivers/STM32G0xx_HAL_Driver/Src/stm32g0xx_hal_flash_ex.o
LOAD ./Drivers/STM32G0xx_HAL_Driver/Src/stm32g0xx_hal_gpio.o
LOAD ./Drivers/STM32G0xx_HAL_Driver/Src/stm32g0xx_hal_pwr.o
LOAD ./Drivers/STM32G0xx_HAL_Driver/Src/stm32g0xx_hal_pwr_ex.o
LOAD ./Drivers/STM32G0xx_HAL_Driver/Src/stm32g0xx_hal_rcc.o
LOAD ./Drivers/STM32G0xx_HAL_Driver/Src/stm32g0xx_hal_rcc_ex.o
LOAD ./Drivers/STM32G0xx_HAL_Driver/Src/stm32g0xx_hal_spi.o
LOAD ./Drivers/STM32G0xx_HAL_Driver/Src/stm32g0xx_hal_spi_ex.o
LOAD ./Drivers/STM32G0xx_HAL_Driver/Src/stm32g0xx_hal_tim.o
LOAD ./Drivers/STM32G0xx_HAL_Driver/Src/stm32g0xx_hal_tim_ex.o
LOAD ./Drivers/STM32G0xx_HAL_Driver/Src/stm32g0xx_hal_uart.o
LOAD ./Drivers/STM32G0xx_HAL_Driver/Src/stm32g0xx_hal_uart_ex.o
LOAD ./Drivers/STM32G0xx_HAL_Driver/Src/stm32g0xx_ll_adc.o
LOAD ./Drivers/STM32G0xx_HAL_Driver/Src/stm32g0xx_ll_dma.o
LOAD ./Drivers/STM32G0xx_HAL_Driver/Src/stm32g0xx_ll_rcc.o
LOAD ./User/Config/DEV_Config.o
LOAD ./User/Fonts/font16.o
LOAD ./User/Fonts/font24CN.o
LOAD ./User/GUI_DEV/GUI_Paint.o
LOAD ./User/LCD/LCD_1inch28.o
LOAD ./User/example/LCD_1inch28_test.o
START GROUP
LOAD C:/ST/STM32CubeIDE_1.12.0/STM32CubeIDE/plugins/com.st.stm32cube.ide.mcu.externaltools.gnu-tools-for-stm32.11.3.rel1.win32_1.1.100.202309141235/tools/bin/../lib/gcc/arm-none-eabi/11.3.1/../../../../arm-none-eabi/lib/thumb/v6-m/nofp\libc_nano.a
LOAD C:/ST/STM32CubeIDE_1.12.0/STM32CubeIDE/plugins/com.st.stm32cube.ide.mcu.externaltools.gnu-tools-for-stm32.11.3.rel1.win32_1.1.100.202309141235/tools/bin/../lib/gcc/arm-none-eabi/11.3.1/../../../../arm-none-eabi/lib/thumb/v6-m/nofp\libm.a
END GROUP
START GROUP
LOAD C:/ST/STM32CubeIDE_1.12.0/STM32CubeIDE/plugins/com.st.stm32cube.ide.mcu.externaltools.gnu-tools-for-stm32.11.3.rel1.win32_1.1.100.202309141235/tools/bin/../lib/gcc/arm-none-eabi/11.3.1/thumb/v6-m/nofp\libgcc.a
LOAD C:/ST/STM32CubeIDE_1.12.0/STM32CubeIDE/plugins/com.st.stm32cube.ide.mcu.externaltools.gnu-tools-for-stm32.11.3.rel1.win32_1.1.100.202309141235/tools/bin/../lib/gcc/arm-none-eabi/11.3.1/../../../../arm-none-eabi/lib/thumb/v6-m/nofp\libc_nano.a
END GROUP
START GROUP
LOAD C:/ST/STM32CubeIDE_1.12.0/STM32CubeIDE/plugins/com.st.stm32cube.ide.mcu.externaltools.gnu-tools-for-stm32.11.3.rel1.win32_1.1.100.202309141235/tools/bin/../lib/gcc/arm-none-eabi/11.3.1/thumb/v6-m/nofp\libgcc.a
LOAD C:/ST/STM32CubeIDE_1.12.0/STM32CubeIDE/plugins/com.st.stm32cube.ide.mcu.externaltools.gnu-tools-for-stm32.11.3.rel1.win32_1.1.100.202309141235/tools/bin/../lib/gcc/arm-none-eabi/11.3.1/../../../../arm-none-eabi/lib/thumb/v6-m/nofp\libc_nano.a
LOAD C:/ST/STM32CubeIDE_1.12.0/STM32CubeIDE/plugins/com.st.stm32cube.ide.mcu.externaltools.gnu-tools-for-stm32.11.3.rel1.win32_1.1.100.202309141235/tools/bin/../lib/gcc/arm-none-eabi/11.3.1/../../../../arm-none-eabi/lib/thumb/v6-m/nofp\libnosys.a
END GROUP
START GROUP
LOAD C:/ST/STM32CubeIDE_1.12.0/STM32CubeIDE/plugins/com.st.stm32cube.ide.mcu.externaltools.gnu-tools-for-stm32.11.3.rel1.win32_1.1.100.202309141235/tools/bin/../lib/gcc/arm-none-eabi/11.3.1/thumb/v6-m/nofp\libgcc.a
LOAD C:/ST/STM32CubeIDE_1.12.0/STM32CubeIDE/plugins/com.st.stm32cube.ide.mcu.externaltools.gnu-tools-for-stm32.11.3.rel1.win32_1.1.100.202309141235/tools/bin/../lib/gcc/arm-none-eabi/11.3.1/../../../../arm-none-eabi/lib/thumb/v6-m/nofp\libc_nano.a
LOAD C:/ST/STM32CubeIDE_1.12.0/STM32CubeIDE/plugins/com.st.stm32cube.ide.mcu.externaltools.gnu-tools-for-stm32.11.3.rel1.win32_1.1.100.202309141235/tools/bin/../lib/gcc/arm-none-eabi/11.3.1/../../../../arm-none-eabi/lib/thumb/v6-m/nofp\libnosys.a
END GROUP
LOAD C:/ST/STM32CubeIDE_1.12.0/STM32CubeIDE/plugins/com.st.stm32cube.ide.mcu.externaltools.gnu-tools-for-stm32.11.3.rel1.win32_1.1.100.202309141235/tools/bin/../lib/gcc/arm-none-eabi/11.3.1/thumb/v6-m/nofp/crtend.o
LOAD C:/ST/STM32CubeIDE_1.12.0/STM32CubeIDE/plugins/com.st.stm32cube.ide.mcu.externaltools.gnu-tools-for-stm32.11.3.rel1.win32_1.1.100.202309141235/tools/bin/../lib/gcc/arm-none-eabi/11.3.1/thumb/v6-m/nofp/crtn.o
                0x0000000020002000                _estack = (ORIGIN (RAM) + LENGTH (RAM))
                0x0000000000000200                _Min_Heap_Size = 0x200
                0x0000000000000400                _Min_Stack_Size = 0x400

.isr_vector     0x0000000008000000       0xb8
                0x0000000008000000                . = ALIGN (0x4)
 *(.isr_vector)
 .isr_vector    0x0000000008000000       0xb8 ./Core/Startup/startup_stm32g030f6px.o
                0x0000000008000000                g_pfnVectors
                0x00000000080000b8                . = ALIGN (0x4)

.text           0x00000000080000b8     0x5fb8
                0x00000000080000b8                . = ALIGN (0x4)
 *(.text)
 .text          0x00000000080000b8       0x48 C:/ST/STM32CubeIDE_1.12.0/STM32CubeIDE/plugins/com.st.stm32cube.ide.mcu.externaltools.gnu-tools-for-stm32.11.3.rel1.win32_1.1.100.202309141235/tools/bin/../lib/gcc/arm-none-eabi/11.3.1/thumb/v6-m/nofp/crtbegin.o
 .text          0x0000000008000100      0x114 C:/ST/STM32CubeIDE_1.12.0/STM32CubeIDE/plugins/com.st.stm32cube.ide.mcu.externaltools.gnu-tools-for-stm32.11.3.rel1.win32_1.1.100.202309141235/tools/bin/../lib/gcc/arm-none-eabi/11.3.1/thumb/v6-m/nofp\libgcc.a(_udivsi3.o)
                0x0000000008000100                __aeabi_uidiv
                0x0000000008000100                __udivsi3
                0x000000000800020c                __aeabi_uidivmod
 .text          0x0000000008000214      0x1d4 C:/ST/STM32CubeIDE_1.12.0/STM32CubeIDE/plugins/com.st.stm32cube.ide.mcu.externaltools.gnu-tools-for-stm32.11.3.rel1.win32_1.1.100.202309141235/tools/bin/../lib/gcc/arm-none-eabi/11.3.1/thumb/v6-m/nofp\libgcc.a(_divsi3.o)
                0x0000000008000214                __divsi3
                0x0000000008000214                __aeabi_idiv
                0x00000000080003e0                __aeabi_idivmod
 .text          0x00000000080003e8        0x4 C:/ST/STM32CubeIDE_1.12.0/STM32CubeIDE/plugins/com.st.stm32cube.ide.mcu.externaltools.gnu-tools-for-stm32.11.3.rel1.win32_1.1.100.202309141235/tools/bin/../lib/gcc/arm-none-eabi/11.3.1/thumb/v6-m/nofp\libgcc.a(_dvmd_tls.o)
                0x00000000080003e8                __aeabi_idiv0
                0x00000000080003e8                __aeabi_ldiv0
 *(.text*)
 .text.MX_ADC1_Init
                0x00000000080003ec       0xd8 ./Core/Src/adc.o
                0x00000000080003ec                MX_ADC1_Init
 .text.HAL_ADC_MspInit
                0x00000000080004c4       0x88 ./Core/Src/adc.o
                0x00000000080004c4                HAL_ADC_MspInit
 .text.MX_GPIO_Init
                0x000000000800054c      0x13c ./Core/Src/gpio.o
                0x000000000800054c                MX_GPIO_Init
 .text.main     0x0000000008000688      0x13c ./Core/Src/main.o
                0x0000000008000688                main
 .text.SystemClock_Config
                0x00000000080007c4       0xb4 ./Core/Src/main.o
                0x00000000080007c4                SystemClock_Config
 .text.Error_Handler
                0x0000000008000878        0xa ./Core/Src/main.o
                0x0000000008000878                Error_Handler
 *fill*         0x0000000008000882        0x2 
 .text.MX_SPI1_Init
                0x0000000008000884       0x7c ./Core/Src/spi.o
                0x0000000008000884                MX_SPI1_Init
 .text.MX_SPI2_Init
                0x0000000008000900       0x7c ./Core/Src/spi.o
                0x0000000008000900                MX_SPI2_Init
 .text.HAL_SPI_MspInit
                0x000000000800097c      0x134 ./Core/Src/spi.o
                0x000000000800097c                HAL_SPI_MspInit
 .text.HAL_MspInit
                0x0000000008000ab0       0x48 ./Core/Src/stm32g0xx_hal_msp.o
                0x0000000008000ab0                HAL_MspInit
 .text.NMI_Handler
                0x0000000008000af8        0x6 ./Core/Src/stm32g0xx_it.o
                0x0000000008000af8                NMI_Handler
 .text.HardFault_Handler
                0x0000000008000afe        0x6 ./Core/Src/stm32g0xx_it.o
                0x0000000008000afe                HardFault_Handler
 .text.SVC_Handler
                0x0000000008000b04        0xa ./Core/Src/stm32g0xx_it.o
                0x0000000008000b04                SVC_Handler
 .text.PendSV_Handler
                0x0000000008000b0e        0xa ./Core/Src/stm32g0xx_it.o
                0x0000000008000b0e                PendSV_Handler
 .text.SysTick_Handler
                0x0000000008000b18        0xe ./Core/Src/stm32g0xx_it.o
                0x0000000008000b18                SysTick_Handler
 .text.SystemInit
                0x0000000008000b26        0xa ./Core/Src/system_stm32g0xx.o
                0x0000000008000b26                SystemInit
 .text.MX_TIM16_Init
                0x0000000008000b30      0x114 ./Core/Src/tim.o
                0x0000000008000b30                MX_TIM16_Init
 .text.HAL_TIM_Base_MspInit
                0x0000000008000c44       0x40 ./Core/Src/tim.o
                0x0000000008000c44                HAL_TIM_Base_MspInit
 .text.HAL_TIM_MspPostInit
                0x0000000008000c84       0x7c ./Core/Src/tim.o
                0x0000000008000c84                HAL_TIM_MspPostInit
 .text.MX_USART1_UART_Init
                0x0000000008000d00       0x9c ./Core/Src/usart.o
                0x0000000008000d00                MX_USART1_UART_Init
 .text.HAL_UART_MspInit
                0x0000000008000d9c       0xc4 ./Core/Src/usart.o
                0x0000000008000d9c                HAL_UART_MspInit
 .text.Reset_Handler
                0x0000000008000e60       0x50 ./Core/Startup/startup_stm32g030f6px.o
                0x0000000008000e60                Reset_Handler
 .text.Default_Handler
                0x0000000008000eb0        0x2 ./Core/Startup/startup_stm32g030f6px.o
                0x0000000008000eb0                TIM1_CC_IRQHandler
                0x0000000008000eb0                I2C1_IRQHandler
                0x0000000008000eb0                RTC_TAMP_IRQHandler
                0x0000000008000eb0                SPI1_IRQHandler
                0x0000000008000eb0                DMA1_Ch4_5_DMAMUX1_OVR_IRQHandler
                0x0000000008000eb0                EXTI2_3_IRQHandler
                0x0000000008000eb0                ADC1_IRQHandler
                0x0000000008000eb0                I2C2_IRQHandler
                0x0000000008000eb0                TIM17_IRQHandler
                0x0000000008000eb0                TIM16_IRQHandler
                0x0000000008000eb0                TIM3_IRQHandler
                0x0000000008000eb0                EXTI4_15_IRQHandler
                0x0000000008000eb0                RCC_IRQHandler
                0x0000000008000eb0                DMA1_Channel1_IRQHandler
                0x0000000008000eb0                Default_Handler
                0x0000000008000eb0                TIM14_IRQHandler
                0x0000000008000eb0                EXTI0_1_IRQHandler
                0x0000000008000eb0                SPI2_IRQHandler
                0x0000000008000eb0                WWDG_IRQHandler
                0x0000000008000eb0                DMA1_Channel2_3_IRQHandler
                0x0000000008000eb0                USART2_IRQHandler
                0x0000000008000eb0                FLASH_IRQHandler
                0x0000000008000eb0                USART1_IRQHandler
                0x0000000008000eb0                TIM1_BRK_UP_TRG_COM_IRQHandler
 *fill*         0x0000000008000eb2        0x2 
 .text.HAL_Init
                0x0000000008000eb4       0x40 ./Drivers/STM32G0xx_HAL_Driver/Src/stm32g0xx_hal.o
                0x0000000008000eb4                HAL_Init
 .text.HAL_InitTick
                0x0000000008000ef4       0x94 ./Drivers/STM32G0xx_HAL_Driver/Src/stm32g0xx_hal.o
                0x0000000008000ef4                HAL_InitTick
 .text.HAL_IncTick
                0x0000000008000f88       0x24 ./Drivers/STM32G0xx_HAL_Driver/Src/stm32g0xx_hal.o
                0x0000000008000f88                HAL_IncTick
 .text.HAL_GetTick
                0x0000000008000fac       0x14 ./Drivers/STM32G0xx_HAL_Driver/Src/stm32g0xx_hal.o
                0x0000000008000fac                HAL_GetTick
 .text.HAL_Delay
                0x0000000008000fc0       0x48 ./Drivers/STM32G0xx_HAL_Driver/Src/stm32g0xx_hal.o
                0x0000000008000fc0                HAL_Delay
 .text.LL_ADC_SetCommonPathInternalCh
                0x0000000008001008       0x28 ./Drivers/STM32G0xx_HAL_Driver/Src/stm32g0xx_hal_adc.o
 .text.LL_ADC_GetCommonPathInternalCh
                0x0000000008001030       0x1a ./Drivers/STM32G0xx_HAL_Driver/Src/stm32g0xx_hal_adc.o
 .text.LL_ADC_SetSamplingTimeCommonChannels
                0x000000000800104a       0x3a ./Drivers/STM32G0xx_HAL_Driver/Src/stm32g0xx_hal_adc.o
 .text.LL_ADC_GetSamplingTimeCommonChannels
                0x0000000008001084       0x2e ./Drivers/STM32G0xx_HAL_Driver/Src/stm32g0xx_hal_adc.o
 .text.LL_ADC_REG_IsTriggerSourceSWStart
                0x00000000080010b2       0x22 ./Drivers/STM32G0xx_HAL_Driver/Src/stm32g0xx_hal_adc.o
 .text.LL_ADC_REG_SetSequencerRanks
                0x00000000080010d4       0x40 ./Drivers/STM32G0xx_HAL_Driver/Src/stm32g0xx_hal_adc.o
 .text.LL_ADC_REG_SetSequencerChAdd
                0x0000000008001114       0x22 ./Drivers/STM32G0xx_HAL_Driver/Src/stm32g0xx_hal_adc.o
 .text.LL_ADC_REG_SetSequencerChRem
                0x0000000008001136       0x24 ./Drivers/STM32G0xx_HAL_Driver/Src/stm32g0xx_hal_adc.o
 *fill*         0x000000000800115a        0x2 
 .text.LL_ADC_SetChannelSamplingTime
                0x000000000800115c       0x38 ./Drivers/STM32G0xx_HAL_Driver/Src/stm32g0xx_hal_adc.o
 .text.LL_ADC_EnableInternalRegulator
                0x0000000008001194       0x28 ./Drivers/STM32G0xx_HAL_Driver/Src/stm32g0xx_hal_adc.o
 .text.LL_ADC_IsInternalRegulatorEnabled
                0x00000000080011bc       0x28 ./Drivers/STM32G0xx_HAL_Driver/Src/stm32g0xx_hal_adc.o
 .text.LL_ADC_Enable
                0x00000000080011e4       0x24 ./Drivers/STM32G0xx_HAL_Driver/Src/stm32g0xx_hal_adc.o
 .text.LL_ADC_IsEnabled
                0x0000000008001208       0x22 ./Drivers/STM32G0xx_HAL_Driver/Src/stm32g0xx_hal_adc.o
 *fill*         0x000000000800122a        0x2 
 .text.LL_ADC_REG_StartConversion
                0x000000000800122c       0x24 ./Drivers/STM32G0xx_HAL_Driver/Src/stm32g0xx_hal_adc.o
 .text.LL_ADC_REG_IsConversionOngoing
                0x0000000008001250       0x22 ./Drivers/STM32G0xx_HAL_Driver/Src/stm32g0xx_hal_adc.o
 *fill*         0x0000000008001272        0x2 
 .text.HAL_ADC_Init
                0x0000000008001274      0x350 ./Drivers/STM32G0xx_HAL_Driver/Src/stm32g0xx_hal_adc.o
                0x0000000008001274                HAL_ADC_Init
 .text.HAL_ADC_Start
                0x00000000080015c4       0x9c ./Drivers/STM32G0xx_HAL_Driver/Src/stm32g0xx_hal_adc.o
                0x00000000080015c4                HAL_ADC_Start
 .text.HAL_ADC_PollForConversion
                0x0000000008001660      0x128 ./Drivers/STM32G0xx_HAL_Driver/Src/stm32g0xx_hal_adc.o
                0x0000000008001660                HAL_ADC_PollForConversion
 .text.HAL_ADC_GetValue
                0x0000000008001788       0x16 ./Drivers/STM32G0xx_HAL_Driver/Src/stm32g0xx_hal_adc.o
                0x0000000008001788                HAL_ADC_GetValue
 *fill*         0x000000000800179e        0x2 
 .text.HAL_ADC_ConfigChannel
                0x00000000080017a0      0x3b0 ./Drivers/STM32G0xx_HAL_Driver/Src/stm32g0xx_hal_adc.o
                0x00000000080017a0                HAL_ADC_ConfigChannel
 .text.ADC_Enable
                0x0000000008001b50      0x10c ./Drivers/STM32G0xx_HAL_Driver/Src/stm32g0xx_hal_adc.o
                0x0000000008001b50                ADC_Enable
 .text.__NVIC_SetPriority
                0x0000000008001c5c       0xdc ./Drivers/STM32G0xx_HAL_Driver/Src/stm32g0xx_hal_cortex.o
 .text.SysTick_Config
                0x0000000008001d38       0x48 ./Drivers/STM32G0xx_HAL_Driver/Src/stm32g0xx_hal_cortex.o
 .text.HAL_NVIC_SetPriority
                0x0000000008001d80       0x2a ./Drivers/STM32G0xx_HAL_Driver/Src/stm32g0xx_hal_cortex.o
                0x0000000008001d80                HAL_NVIC_SetPriority
 .text.HAL_SYSTICK_Config
                0x0000000008001daa       0x1a ./Drivers/STM32G0xx_HAL_Driver/Src/stm32g0xx_hal_cortex.o
                0x0000000008001daa                HAL_SYSTICK_Config
 .text.HAL_GPIO_Init
                0x0000000008001dc4      0x2c8 ./Drivers/STM32G0xx_HAL_Driver/Src/stm32g0xx_hal_gpio.o
                0x0000000008001dc4                HAL_GPIO_Init
 .text.HAL_GPIO_WritePin
                0x000000000800208c       0x3a ./Drivers/STM32G0xx_HAL_Driver/Src/stm32g0xx_hal_gpio.o
                0x000000000800208c                HAL_GPIO_WritePin
 *fill*         0x00000000080020c6        0x2 
 .text.HAL_PWREx_ControlVoltageScaling
                0x00000000080020c8       0x80 ./Drivers/STM32G0xx_HAL_Driver/Src/stm32g0xx_hal_pwr_ex.o
                0x00000000080020c8                HAL_PWREx_ControlVoltageScaling
 .text.LL_RCC_GetAPB1Prescaler
                0x0000000008002148       0x18 ./Drivers/STM32G0xx_HAL_Driver/Src/stm32g0xx_hal_rcc.o
 .text.HAL_RCC_OscConfig
                0x0000000008002160      0x620 ./Drivers/STM32G0xx_HAL_Driver/Src/stm32g0xx_hal_rcc.o
                0x0000000008002160                HAL_RCC_OscConfig
 .text.HAL_RCC_ClockConfig
                0x0000000008002780      0x210 ./Drivers/STM32G0xx_HAL_Driver/Src/stm32g0xx_hal_rcc.o
                0x0000000008002780                HAL_RCC_ClockConfig
 .text.HAL_RCC_GetSysClockFreq
                0x0000000008002990      0x104 ./Drivers/STM32G0xx_HAL_Driver/Src/stm32g0xx_hal_rcc.o
                0x0000000008002990                HAL_RCC_GetSysClockFreq
 .text.HAL_RCC_GetHCLKFreq
                0x0000000008002a94       0x14 ./Drivers/STM32G0xx_HAL_Driver/Src/stm32g0xx_hal_rcc.o
                0x0000000008002a94                HAL_RCC_GetHCLKFreq
 .text.HAL_RCC_GetPCLK1Freq
                0x0000000008002aa8       0x2c ./Drivers/STM32G0xx_HAL_Driver/Src/stm32g0xx_hal_rcc.o
                0x0000000008002aa8                HAL_RCC_GetPCLK1Freq
 .text.HAL_RCCEx_PeriphCLKConfig
                0x0000000008002ad4      0x24c ./Drivers/STM32G0xx_HAL_Driver/Src/stm32g0xx_hal_rcc_ex.o
                0x0000000008002ad4                HAL_RCCEx_PeriphCLKConfig
 .text.HAL_SPI_Init
                0x0000000008002d20      0x170 ./Drivers/STM32G0xx_HAL_Driver/Src/stm32g0xx_hal_spi.o
                0x0000000008002d20                HAL_SPI_Init
 .text.HAL_SPI_Transmit
                0x0000000008002e90      0x2be ./Drivers/STM32G0xx_HAL_Driver/Src/stm32g0xx_hal_spi.o
                0x0000000008002e90                HAL_SPI_Transmit
 *fill*         0x000000000800314e        0x2 
 .text.SPI_WaitFlagStateUntilTimeout
                0x0000000008003150      0x11c ./Drivers/STM32G0xx_HAL_Driver/Src/stm32g0xx_hal_spi.o
 .text.SPI_WaitFifoStateUntilTimeout
                0x000000000800326c      0x144 ./Drivers/STM32G0xx_HAL_Driver/Src/stm32g0xx_hal_spi.o
 .text.SPI_EndRxTxTransaction
                0x00000000080033b0       0x8c ./Drivers/STM32G0xx_HAL_Driver/Src/stm32g0xx_hal_spi.o
 .text.HAL_TIM_Base_Init
                0x000000000800343c       0xb0 ./Drivers/STM32G0xx_HAL_Driver/Src/stm32g0xx_hal_tim.o
                0x000000000800343c                HAL_TIM_Base_Init
 .text.HAL_TIM_PWM_Init
                0x00000000080034ec       0xb0 ./Drivers/STM32G0xx_HAL_Driver/Src/stm32g0xx_hal_tim.o
                0x00000000080034ec                HAL_TIM_PWM_Init
 .text.HAL_TIM_PWM_MspInit
                0x000000000800359c       0x10 ./Drivers/STM32G0xx_HAL_Driver/Src/stm32g0xx_hal_tim.o
                0x000000000800359c                HAL_TIM_PWM_MspInit
 .text.HAL_TIM_PWM_Start
                0x00000000080035ac      0x1b0 ./Drivers/STM32G0xx_HAL_Driver/Src/stm32g0xx_hal_tim.o
                0x00000000080035ac                HAL_TIM_PWM_Start
 .text.HAL_TIM_PWM_ConfigChannel
                0x000000000800375c      0x200 ./Drivers/STM32G0xx_HAL_Driver/Src/stm32g0xx_hal_tim.o
                0x000000000800375c                HAL_TIM_PWM_ConfigChannel
 .text.TIM_Base_SetConfig
                0x000000000800395c       0xf4 ./Drivers/STM32G0xx_HAL_Driver/Src/stm32g0xx_hal_tim.o
                0x000000000800395c                TIM_Base_SetConfig
 .text.TIM_OC1_SetConfig
                0x0000000008003a50      0x100 ./Drivers/STM32G0xx_HAL_Driver/Src/stm32g0xx_hal_tim.o
 .text.TIM_OC2_SetConfig
                0x0000000008003b50       0xfc ./Drivers/STM32G0xx_HAL_Driver/Src/stm32g0xx_hal_tim.o
                0x0000000008003b50                TIM_OC2_SetConfig
 .text.TIM_OC3_SetConfig
                0x0000000008003c4c      0x104 ./Drivers/STM32G0xx_HAL_Driver/Src/stm32g0xx_hal_tim.o
 .text.TIM_OC4_SetConfig
                0x0000000008003d50       0xc8 ./Drivers/STM32G0xx_HAL_Driver/Src/stm32g0xx_hal_tim.o
 .text.TIM_OC5_SetConfig
                0x0000000008003e18       0xb4 ./Drivers/STM32G0xx_HAL_Driver/Src/stm32g0xx_hal_tim.o
 .text.TIM_OC6_SetConfig
                0x0000000008003ecc       0xbc ./Drivers/STM32G0xx_HAL_Driver/Src/stm32g0xx_hal_tim.o
 .text.TIM_CCxChannelCmd
                0x0000000008003f88       0x46 ./Drivers/STM32G0xx_HAL_Driver/Src/stm32g0xx_hal_tim.o
                0x0000000008003f88                TIM_CCxChannelCmd
 *fill*         0x0000000008003fce        0x2 
 .text.HAL_TIMEx_ConfigBreakDeadTime
                0x0000000008003fd0      0x138 ./Drivers/STM32G0xx_HAL_Driver/Src/stm32g0xx_hal_tim_ex.o
                0x0000000008003fd0                HAL_TIMEx_ConfigBreakDeadTime
 .text.HAL_HalfDuplex_Init
                0x0000000008004108       0xbc ./Drivers/STM32G0xx_HAL_Driver/Src/stm32g0xx_hal_uart.o
                0x0000000008004108                HAL_HalfDuplex_Init
 .text.UART_SetConfig
                0x00000000080041c4      0x2d4 ./Drivers/STM32G0xx_HAL_Driver/Src/stm32g0xx_hal_uart.o
                0x00000000080041c4                UART_SetConfig
 .text.UART_AdvFeatureConfig
                0x0000000008004498      0x168 ./Drivers/STM32G0xx_HAL_Driver/Src/stm32g0xx_hal_uart.o
                0x0000000008004498                UART_AdvFeatureConfig
 .text.UART_CheckIdleState
                0x0000000008004600      0x154 ./Drivers/STM32G0xx_HAL_Driver/Src/stm32g0xx_hal_uart.o
                0x0000000008004600                UART_CheckIdleState
 .text.UART_WaitOnFlagUntilTimeout
                0x0000000008004754       0xde ./Drivers/STM32G0xx_HAL_Driver/Src/stm32g0xx_hal_uart.o
                0x0000000008004754                UART_WaitOnFlagUntilTimeout
 *fill*         0x0000000008004832        0x2 
 .text.UART_EndRxTransfer
                0x0000000008004834       0xcc ./Drivers/STM32G0xx_HAL_Driver/Src/stm32g0xx_hal_uart.o
 .text.HAL_UARTEx_DisableFifoMode
                0x0000000008004900       0x74 ./Drivers/STM32G0xx_HAL_Driver/Src/stm32g0xx_hal_uart_ex.o
                0x0000000008004900                HAL_UARTEx_DisableFifoMode
 .text.HAL_UARTEx_SetTxFifoThreshold
                0x0000000008004974       0x7e ./Drivers/STM32G0xx_HAL_Driver/Src/stm32g0xx_hal_uart_ex.o
                0x0000000008004974                HAL_UARTEx_SetTxFifoThreshold
 *fill*         0x00000000080049f2        0x2 
 .text.HAL_UARTEx_SetRxFifoThreshold
                0x00000000080049f4       0x84 ./Drivers/STM32G0xx_HAL_Driver/Src/stm32g0xx_hal_uart_ex.o
                0x00000000080049f4                HAL_UARTEx_SetRxFifoThreshold
 .text.UARTEx_SetNbDataToProcess
                0x0000000008004a78       0xbc ./Drivers/STM32G0xx_HAL_Driver/Src/stm32g0xx_hal_uart_ex.o
 .text.DEV_SPI_WRite
                0x0000000008004b34       0x28 ./User/Config/DEV_Config.o
                0x0000000008004b34                DEV_SPI_WRite
 .text.DEV_Module_Init
                0x0000000008004b5c       0x4c ./User/Config/DEV_Config.o
                0x0000000008004b5c                DEV_Module_Init
 .text.Paint_NewImage
                0x0000000008004ba8       0x9c ./User/GUI_DEV/GUI_Paint.o
                0x0000000008004ba8                Paint_NewImage
 .text.Paint_SetClearFuntion
                0x0000000008004c44       0x1c ./User/GUI_DEV/GUI_Paint.o
                0x0000000008004c44                Paint_SetClearFuntion
 .text.Paint_SetDisplayFuntion
                0x0000000008004c60       0x1c ./User/GUI_DEV/GUI_Paint.o
                0x0000000008004c60                Paint_SetDisplayFuntion
 .text.Paint_SetPixel
                0x0000000008004c7c      0x1c0 ./User/GUI_DEV/GUI_Paint.o
                0x0000000008004c7c                Paint_SetPixel
 .text.Paint_Clear
                0x0000000008004e3c       0x24 ./User/GUI_DEV/GUI_Paint.o
                0x0000000008004e3c                Paint_Clear
 .text.Paint_ClearWindows
                0x0000000008004e60       0x94 ./User/GUI_DEV/GUI_Paint.o
                0x0000000008004e60                Paint_ClearWindows
 .text.Paint_DrawPoint
                0x0000000008004ef4      0x1a8 ./User/GUI_DEV/GUI_Paint.o
                0x0000000008004ef4                Paint_DrawPoint
 .text.Paint_DrawLine
                0x000000000800509c      0x1c8 ./User/GUI_DEV/GUI_Paint.o
                0x000000000800509c                Paint_DrawLine
 .text.Paint_DrawRectangle
                0x0000000008005264      0x198 ./User/GUI_DEV/GUI_Paint.o
                0x0000000008005264                Paint_DrawRectangle
 .text.Paint_DrawChar
                0x00000000080053fc      0x1c8 ./User/GUI_DEV/GUI_Paint.o
                0x00000000080053fc                Paint_DrawChar
 .text.Paint_DrawString_EN
                0x00000000080055c4       0xfc ./User/GUI_DEV/GUI_Paint.o
                0x00000000080055c4                Paint_DrawString_EN
 .text.Paint_DrawNum
                0x00000000080056c0      0x19c ./User/GUI_DEV/GUI_Paint.o
                0x00000000080056c0                Paint_DrawNum
 .text.LCD_1IN28_Reset
                0x000000000800585c       0x4c ./User/LCD/LCD_1inch28.o
 .text.LCD_1IN28_SendCommand
                0x00000000080058a8       0x50 ./User/LCD/LCD_1inch28.o
 .text.LCD_1IN28_SendData_8Bit
                0x00000000080058f8       0x50 ./User/LCD/LCD_1inch28.o
 .text.LCD_1IN28_SendData_16Bit
                0x0000000008005948       0x64 ./User/LCD/LCD_1inch28.o
 .text.LCD_1IN28_InitReg
                0x00000000080059ac      0x466 ./User/LCD/LCD_1inch28.o
 *fill*         0x0000000008005e12        0x2 
 .text.LCD_1IN28_SetAttributes
                0x0000000008005e14       0x6c ./User/LCD/LCD_1inch28.o
 .text.LCD_1IN28_Init
                0x0000000008005e80       0x26 ./User/LCD/LCD_1inch28.o
                0x0000000008005e80                LCD_1IN28_Init
 .text.LCD_1IN28_SetWindows
                0x0000000008005ea6       0x88 ./User/LCD/LCD_1inch28.o
                0x0000000008005ea6                LCD_1IN28_SetWindows
 .text.LCD_1IN28_Clear
                0x0000000008005f2e       0x6c ./User/LCD/LCD_1inch28.o
                0x0000000008005f2e                LCD_1IN28_Clear
 .text.LCD_1IN28_DrawPaint
                0x0000000008005f9a       0x46 ./User/LCD/LCD_1inch28.o
                0x0000000008005f9a                LCD_1IN28_DrawPaint
 .text.LCD_1IN28_SetBackLight
                0x0000000008005fe0       0x20 ./User/LCD/LCD_1inch28.o
                0x0000000008005fe0                LCD_1IN28_SetBackLight
 .text.memset   0x0000000008006000       0x10 C:/ST/STM32CubeIDE_1.12.0/STM32CubeIDE/plugins/com.st.stm32cube.ide.mcu.externaltools.gnu-tools-for-stm32.11.3.rel1.win32_1.1.100.202309141235/tools/bin/../lib/gcc/arm-none-eabi/11.3.1/../../../../arm-none-eabi/lib/thumb/v6-m/nofp\libc_nano.a(libc_a-memset.o)
                0x0000000008006000                memset
 .text.__libc_init_array
                0x0000000008006010       0x48 C:/ST/STM32CubeIDE_1.12.0/STM32CubeIDE/plugins/com.st.stm32cube.ide.mcu.externaltools.gnu-tools-for-stm32.11.3.rel1.win32_1.1.100.202309141235/tools/bin/../lib/gcc/arm-none-eabi/11.3.1/../../../../arm-none-eabi/lib/thumb/v6-m/nofp\libc_nano.a(libc_a-init.o)
                0x0000000008006010                __libc_init_array
 *(.glue_7)
 .glue_7        0x0000000008006058        0x0 linker stubs
 *(.glue_7t)
 .glue_7t       0x0000000008006058        0x0 linker stubs
 *(.eh_frame)
 .eh_frame      0x0000000008006058        0x0 C:/ST/STM32CubeIDE_1.12.0/STM32CubeIDE/plugins/com.st.stm32cube.ide.mcu.externaltools.gnu-tools-for-stm32.11.3.rel1.win32_1.1.100.202309141235/tools/bin/../lib/gcc/arm-none-eabi/11.3.1/thumb/v6-m/nofp/crtbegin.o
 *(.init)
 .init          0x0000000008006058        0x4 C:/ST/STM32CubeIDE_1.12.0/STM32CubeIDE/plugins/com.st.stm32cube.ide.mcu.externaltools.gnu-tools-for-stm32.11.3.rel1.win32_1.1.100.202309141235/tools/bin/../lib/gcc/arm-none-eabi/11.3.1/thumb/v6-m/nofp/crti.o
                0x0000000008006058                _init
 .init          0x000000000800605c        0x8 C:/ST/STM32CubeIDE_1.12.0/STM32CubeIDE/plugins/com.st.stm32cube.ide.mcu.externaltools.gnu-tools-for-stm32.11.3.rel1.win32_1.1.100.202309141235/tools/bin/../lib/gcc/arm-none-eabi/11.3.1/thumb/v6-m/nofp/crtn.o
 *(.fini)
 .fini          0x0000000008006064        0x4 C:/ST/STM32CubeIDE_1.12.0/STM32CubeIDE/plugins/com.st.stm32cube.ide.mcu.externaltools.gnu-tools-for-stm32.11.3.rel1.win32_1.1.100.202309141235/tools/bin/../lib/gcc/arm-none-eabi/11.3.1/thumb/v6-m/nofp/crti.o
                0x0000000008006064                _fini
 .fini          0x0000000008006068        0x8 C:/ST/STM32CubeIDE_1.12.0/STM32CubeIDE/plugins/com.st.stm32cube.ide.mcu.externaltools.gnu-tools-for-stm32.11.3.rel1.win32_1.1.100.202309141235/tools/bin/../lib/gcc/arm-none-eabi/11.3.1/thumb/v6-m/nofp/crtn.o
                0x0000000008006070                . = ALIGN (0x4)
                0x0000000008006070                _etext = .

.vfp11_veneer   0x0000000008006070        0x0
 .vfp11_veneer  0x0000000008006070        0x0 linker stubs

.v4_bx          0x0000000008006070        0x0
 .v4_bx         0x0000000008006070        0x0 linker stubs

.iplt           0x0000000008006070        0x0
 .iplt          0x0000000008006070        0x0 C:/ST/STM32CubeIDE_1.12.0/STM32CubeIDE/plugins/com.st.stm32cube.ide.mcu.externaltools.gnu-tools-for-stm32.11.3.rel1.win32_1.1.100.202309141235/tools/bin/../lib/gcc/arm-none-eabi/11.3.1/thumb/v6-m/nofp/crtbegin.o

.rodata         0x0000000008006070      0xcc8
                0x0000000008006070                . = ALIGN (0x4)
 *(.rodata)
 .rodata        0x0000000008006070        0xb ./Core/Src/main.o
 *(.rodata*)
 *fill*         0x000000000800607b        0x1 
 .rodata.AHBPrescTable
                0x000000000800607c       0x40 ./Core/Src/system_stm32g0xx.o
                0x000000000800607c                AHBPrescTable
 .rodata.APBPrescTable
                0x00000000080060bc       0x20 ./Core/Src/system_stm32g0xx.o
                0x00000000080060bc                APBPrescTable
 .rodata.HAL_TIM_PWM_ConfigChannel
                0x00000000080060dc       0x54 ./Drivers/STM32G0xx_HAL_Driver/Src/stm32g0xx_hal_tim.o
 .rodata.UARTPrescTable
                0x0000000008006130       0x18 ./Drivers/STM32G0xx_HAL_Driver/Src/stm32g0xx_hal_uart.o
                0x0000000008006130                UARTPrescTable
 .rodata.numerator.1
                0x0000000008006148        0x8 ./Drivers/STM32G0xx_HAL_Driver/Src/stm32g0xx_hal_uart_ex.o
 .rodata.denominator.0
                0x0000000008006150        0x8 ./Drivers/STM32G0xx_HAL_Driver/Src/stm32g0xx_hal_uart_ex.o
 .rodata.Font16_Table
                0x0000000008006158      0xbe0 ./User/Fonts/font16.o
                0x0000000008006158                Font16_Table
                0x0000000008006d38                . = ALIGN (0x4)

.rel.dyn        0x0000000008006d38        0x0
 .rel.iplt      0x0000000008006d38        0x0 C:/ST/STM32CubeIDE_1.12.0/STM32CubeIDE/plugins/com.st.stm32cube.ide.mcu.externaltools.gnu-tools-for-stm32.11.3.rel1.win32_1.1.100.202309141235/tools/bin/../lib/gcc/arm-none-eabi/11.3.1/thumb/v6-m/nofp/crtbegin.o

.ARM.extab      0x0000000008006d38        0x0
                0x0000000008006d38                . = ALIGN (0x4)
 *(.ARM.extab* .gnu.linkonce.armextab.*)
                0x0000000008006d38                . = ALIGN (0x4)

.ARM            0x0000000008006d38        0x0
                0x0000000008006d38                . = ALIGN (0x4)
                0x0000000008006d38                __exidx_start = .
 *(.ARM.exidx*)
                0x0000000008006d38                __exidx_end = .
                0x0000000008006d38                . = ALIGN (0x4)

.preinit_array  0x0000000008006d38        0x0
                0x0000000008006d38                . = ALIGN (0x4)
                0x0000000008006d38                PROVIDE (__preinit_array_start = .)
 *(.preinit_array*)
                0x0000000008006d38                PROVIDE (__preinit_array_end = .)
                0x0000000008006d38                . = ALIGN (0x4)

.init_array     0x0000000008006d38        0x4
                0x0000000008006d38                . = ALIGN (0x4)
                0x0000000008006d38                PROVIDE (__init_array_start = .)
 *(SORT_BY_NAME(.init_array.*))
 *(.init_array*)
 .init_array    0x0000000008006d38        0x4 C:/ST/STM32CubeIDE_1.12.0/STM32CubeIDE/plugins/com.st.stm32cube.ide.mcu.externaltools.gnu-tools-for-stm32.11.3.rel1.win32_1.1.100.202309141235/tools/bin/../lib/gcc/arm-none-eabi/11.3.1/thumb/v6-m/nofp/crtbegin.o
                0x0000000008006d3c                PROVIDE (__init_array_end = .)
                0x0000000008006d3c                . = ALIGN (0x4)

.fini_array     0x0000000008006d3c        0x4
                0x0000000008006d3c                . = ALIGN (0x4)
                [!provide]                        PROVIDE (__fini_array_start = .)
 *(SORT_BY_NAME(.fini_array.*))
 *(.fini_array*)
 .fini_array    0x0000000008006d3c        0x4 C:/ST/STM32CubeIDE_1.12.0/STM32CubeIDE/plugins/com.st.stm32cube.ide.mcu.externaltools.gnu-tools-for-stm32.11.3.rel1.win32_1.1.100.202309141235/tools/bin/../lib/gcc/arm-none-eabi/11.3.1/thumb/v6-m/nofp/crtbegin.o
                [!provide]                        PROVIDE (__fini_array_end = .)
                0x0000000008006d40                . = ALIGN (0x4)
                0x0000000008006d40                _sidata = LOADADDR (.data)

.data           0x0000000020000000       0x14 load address 0x0000000008006d40
                0x0000000020000000                . = ALIGN (0x4)
                0x0000000020000000                _sdata = .
 *(.data)
 *(.data*)
 .data.SystemCoreClock
                0x0000000020000000        0x4 ./Core/Src/system_stm32g0xx.o
                0x0000000020000000                SystemCoreClock
 .data.uwTickPrio
                0x0000000020000004        0x4 ./Drivers/STM32G0xx_HAL_Driver/Src/stm32g0xx_hal.o
                0x0000000020000004                uwTickPrio
 .data.uwTickFreq
                0x0000000020000008        0x1 ./Drivers/STM32G0xx_HAL_Driver/Src/stm32g0xx_hal.o
                0x0000000020000008                uwTickFreq
 *fill*         0x0000000020000009        0x3 
 .data.Font16   0x000000002000000c        0x8 ./User/Fonts/font16.o
                0x000000002000000c                Font16
 *(.RamFunc)
 *(.RamFunc*)
                0x0000000020000014                . = ALIGN (0x4)
                0x0000000020000014                _edata = .

.igot.plt       0x0000000020000014        0x0 load address 0x0000000008006d54
 .igot.plt      0x0000000020000014        0x0 C:/ST/STM32CubeIDE_1.12.0/STM32CubeIDE/plugins/com.st.stm32cube.ide.mcu.externaltools.gnu-tools-for-stm32.11.3.rel1.win32_1.1.100.202309141235/tools/bin/../lib/gcc/arm-none-eabi/11.3.1/thumb/v6-m/nofp/crtbegin.o
                0x0000000020000014                . = ALIGN (0x4)

.bss            0x0000000020000014      0x254 load address 0x0000000008006d54
                0x0000000020000014                _sbss = .
                0x0000000020000014                __bss_start__ = _sbss
 *(.bss)
 .bss           0x0000000020000014       0x1c C:/ST/STM32CubeIDE_1.12.0/STM32CubeIDE/plugins/com.st.stm32cube.ide.mcu.externaltools.gnu-tools-for-stm32.11.3.rel1.win32_1.1.100.202309141235/tools/bin/../lib/gcc/arm-none-eabi/11.3.1/thumb/v6-m/nofp/crtbegin.o
 *(.bss*)
 .bss.hadc1     0x0000000020000030       0x64 ./Core/Src/adc.o
                0x0000000020000030                hadc1
 .bss.hspi1     0x0000000020000094       0x64 ./Core/Src/spi.o
                0x0000000020000094                hspi1
 .bss.hspi2     0x00000000200000f8       0x64 ./Core/Src/spi.o
                0x00000000200000f8                hspi2
 .bss.htim16    0x000000002000015c       0x4c ./Core/Src/tim.o
                0x000000002000015c                htim16
 .bss.huart1    0x00000000200001a8       0x94 ./Core/Src/usart.o
                0x00000000200001a8                huart1
 .bss.uwTick    0x000000002000023c        0x4 ./Drivers/STM32G0xx_HAL_Driver/Src/stm32g0xx_hal.o
                0x000000002000023c                uwTick
 .bss.Paint     0x0000000020000240       0x18 ./User/GUI_DEV/GUI_Paint.o
                0x0000000020000240                Paint
 .bss.DISPLAY   0x0000000020000258        0x4 ./User/GUI_DEV/GUI_Paint.o
                0x0000000020000258                DISPLAY
 .bss.CLEAR     0x000000002000025c        0x4 ./User/GUI_DEV/GUI_Paint.o
                0x000000002000025c                CLEAR
 .bss.LCD_1IN28
                0x0000000020000260        0x6 ./User/LCD/LCD_1inch28.o
                0x0000000020000260                LCD_1IN28
 *(COMMON)
                0x0000000020000268                . = ALIGN (0x4)
 *fill*         0x0000000020000266        0x2 
                0x0000000020000268                _ebss = .
                0x0000000020000268                __bss_end__ = _ebss

._user_heap_stack
                0x0000000020000268      0x600 load address 0x0000000008006d54
                0x0000000020000268                . = ALIGN (0x8)
                [!provide]                        PROVIDE (end = .)
                0x0000000020000268                PROVIDE (_end = .)
                0x0000000020000468                . = (. + _Min_Heap_Size)
 *fill*         0x0000000020000268      0x200 
                0x0000000020000868                . = (. + _Min_Stack_Size)
 *fill*         0x0000000020000468      0x400 
                0x0000000020000868                . = ALIGN (0x8)

/DISCARD/
 libc.a(*)
 libm.a(*)
 libgcc.a(*)

.ARM.attributes
                0x0000000000000000       0x28
 *(.ARM.attributes)
 .ARM.attributes
                0x0000000000000000       0x1e C:/ST/STM32CubeIDE_1.12.0/STM32CubeIDE/plugins/com.st.stm32cube.ide.mcu.externaltools.gnu-tools-for-stm32.11.3.rel1.win32_1.1.100.202309141235/tools/bin/../lib/gcc/arm-none-eabi/11.3.1/thumb/v6-m/nofp/crti.o
 .ARM.attributes
                0x000000000000001e       0x2c C:/ST/STM32CubeIDE_1.12.0/STM32CubeIDE/plugins/com.st.stm32cube.ide.mcu.externaltools.gnu-tools-for-stm32.11.3.rel1.win32_1.1.100.202309141235/tools/bin/../lib/gcc/arm-none-eabi/11.3.1/thumb/v6-m/nofp/crtbegin.o
 .ARM.attributes
                0x000000000000004a       0x2c ./Core/Src/adc.o
 .ARM.attributes
                0x0000000000000076       0x2c ./Core/Src/gpio.o
 .ARM.attributes
                0x00000000000000a2       0x2c ./Core/Src/main.o
 .ARM.attributes
                0x00000000000000ce       0x2c ./Core/Src/spi.o
 .ARM.attributes
                0x00000000000000fa       0x2c ./Core/Src/stm32g0xx_hal_msp.o
 .ARM.attributes
                0x0000000000000126       0x2c ./Core/Src/stm32g0xx_it.o
 .ARM.attributes
                0x0000000000000152       0x2c ./Core/Src/system_stm32g0xx.o
 .ARM.attributes
                0x000000000000017e       0x2c ./Core/Src/tim.o
 .ARM.attributes
                0x00000000000001aa       0x2c ./Core/Src/usart.o
 .ARM.attributes
                0x00000000000001d6       0x22 ./Core/Startup/startup_stm32g030f6px.o
 .ARM.attributes
                0x00000000000001f8       0x2c ./Drivers/STM32G0xx_HAL_Driver/Src/stm32g0xx_hal.o
 .ARM.attributes
                0x0000000000000224       0x2c ./Drivers/STM32G0xx_HAL_Driver/Src/stm32g0xx_hal_adc.o
 .ARM.attributes
                0x0000000000000250       0x2c ./Drivers/STM32G0xx_HAL_Driver/Src/stm32g0xx_hal_cortex.o
 .ARM.attributes
                0x000000000000027c       0x2c ./Drivers/STM32G0xx_HAL_Driver/Src/stm32g0xx_hal_gpio.o
 .ARM.attributes
                0x00000000000002a8       0x2c ./Drivers/STM32G0xx_HAL_Driver/Src/stm32g0xx_hal_pwr_ex.o
 .ARM.attributes
                0x00000000000002d4       0x2c ./Drivers/STM32G0xx_HAL_Driver/Src/stm32g0xx_hal_rcc.o
 .ARM.attributes
                0x0000000000000300       0x2c ./Drivers/STM32G0xx_HAL_Driver/Src/stm32g0xx_hal_rcc_ex.o
 .ARM.attributes
                0x000000000000032c       0x2c ./Drivers/STM32G0xx_HAL_Driver/Src/stm32g0xx_hal_spi.o
 .ARM.attributes
                0x0000000000000358       0x2c ./Drivers/STM32G0xx_HAL_Driver/Src/stm32g0xx_hal_tim.o
 .ARM.attributes
                0x0000000000000384       0x2c ./Drivers/STM32G0xx_HAL_Driver/Src/stm32g0xx_hal_tim_ex.o
 .ARM.attributes
                0x00000000000003b0       0x2c ./Drivers/STM32G0xx_HAL_Driver/Src/stm32g0xx_hal_uart.o
 .ARM.attributes
                0x00000000000003dc       0x2c ./Drivers/STM32G0xx_HAL_Driver/Src/stm32g0xx_hal_uart_ex.o
 .ARM.attributes
                0x0000000000000408       0x2c ./User/Config/DEV_Config.o
 .ARM.attributes
                0x0000000000000434       0x2c ./User/Fonts/font16.o
 .ARM.attributes
                0x0000000000000460       0x2c ./User/GUI_DEV/GUI_Paint.o
 .ARM.attributes
                0x000000000000048c       0x2c ./User/LCD/LCD_1inch28.o
 .ARM.attributes
                0x00000000000004b8       0x2c C:/ST/STM32CubeIDE_1.12.0/STM32CubeIDE/plugins/com.st.stm32cube.ide.mcu.externaltools.gnu-tools-for-stm32.11.3.rel1.win32_1.1.100.202309141235/tools/bin/../lib/gcc/arm-none-eabi/11.3.1/../../../../arm-none-eabi/lib/thumb/v6-m/nofp\libc_nano.a(libc_a-memset.o)
 .ARM.attributes
                0x00000000000004e4       0x2c C:/ST/STM32CubeIDE_1.12.0/STM32CubeIDE/plugins/com.st.stm32cube.ide.mcu.externaltools.gnu-tools-for-stm32.11.3.rel1.win32_1.1.100.202309141235/tools/bin/../lib/gcc/arm-none-eabi/11.3.1/../../../../arm-none-eabi/lib/thumb/v6-m/nofp\libc_nano.a(libc_a-init.o)
 .ARM.attributes
                0x0000000000000510       0x1e C:/ST/STM32CubeIDE_1.12.0/STM32CubeIDE/plugins/com.st.stm32cube.ide.mcu.externaltools.gnu-tools-for-stm32.11.3.rel1.win32_1.1.100.202309141235/tools/bin/../lib/gcc/arm-none-eabi/11.3.1/thumb/v6-m/nofp\libgcc.a(_udivsi3.o)
 .ARM.attributes
                0x000000000000052e       0x1e C:/ST/STM32CubeIDE_1.12.0/STM32CubeIDE/plugins/com.st.stm32cube.ide.mcu.externaltools.gnu-tools-for-stm32.11.3.rel1.win32_1.1.100.202309141235/tools/bin/../lib/gcc/arm-none-eabi/11.3.1/thumb/v6-m/nofp\libgcc.a(_divsi3.o)
 .ARM.attributes
                0x000000000000054c       0x1e C:/ST/STM32CubeIDE_1.12.0/STM32CubeIDE/plugins/com.st.stm32cube.ide.mcu.externaltools.gnu-tools-for-stm32.11.3.rel1.win32_1.1.100.202309141235/tools/bin/../lib/gcc/arm-none-eabi/11.3.1/thumb/v6-m/nofp\libgcc.a(_dvmd_tls.o)
 .ARM.attributes
                0x000000000000056a       0x1e C:/ST/STM32CubeIDE_1.12.0/STM32CubeIDE/plugins/com.st.stm32cube.ide.mcu.externaltools.gnu-tools-for-stm32.11.3.rel1.win32_1.1.100.202309141235/tools/bin/../lib/gcc/arm-none-eabi/11.3.1/thumb/v6-m/nofp/crtn.o
OUTPUT(Remote_Software.elf elf32-littlearm)
LOAD linker stubs
LOAD C:/ST/STM32CubeIDE_1.12.0/STM32CubeIDE/plugins/com.st.stm32cube.ide.mcu.externaltools.gnu-tools-for-stm32.11.3.rel1.win32_1.1.100.202309141235/tools/bin/../lib/gcc/arm-none-eabi/11.3.1/../../../../arm-none-eabi/lib/thumb/v6-m/nofp\libc.a
LOAD C:/ST/STM32CubeIDE_1.12.0/STM32CubeIDE/plugins/com.st.stm32cube.ide.mcu.externaltools.gnu-tools-for-stm32.11.3.rel1.win32_1.1.100.202309141235/tools/bin/../lib/gcc/arm-none-eabi/11.3.1/../../../../arm-none-eabi/lib/thumb/v6-m/nofp\libm.a
LOAD C:/ST/STM32CubeIDE_1.12.0/STM32CubeIDE/plugins/com.st.stm32cube.ide.mcu.externaltools.gnu-tools-for-stm32.11.3.rel1.win32_1.1.100.202309141235/tools/bin/../lib/gcc/arm-none-eabi/11.3.1/thumb/v6-m/nofp\libgcc.a

.comment        0x0000000000000000       0x43
 .comment       0x0000000000000000       0x43 C:/ST/STM32CubeIDE_1.12.0/STM32CubeIDE/plugins/com.st.stm32cube.ide.mcu.externaltools.gnu-tools-for-stm32.11.3.rel1.win32_1.1.100.202309141235/tools/bin/../lib/gcc/arm-none-eabi/11.3.1/thumb/v6-m/nofp/crtbegin.o
                                         0x44 (size before relaxing)
 .comment       0x0000000000000043       0x44 ./Core/Src/adc.o
 .comment       0x0000000000000043       0x44 ./Core/Src/gpio.o
 .comment       0x0000000000000043       0x44 ./Core/Src/main.o
 .comment       0x0000000000000043       0x44 ./Core/Src/spi.o
 .comment       0x0000000000000043       0x44 ./Core/Src/stm32g0xx_hal_msp.o
 .comment       0x0000000000000043       0x44 ./Core/Src/stm32g0xx_it.o
 .comment       0x0000000000000043       0x44 ./Core/Src/system_stm32g0xx.o
 .comment       0x0000000000000043       0x44 ./Core/Src/tim.o
 .comment       0x0000000000000043       0x44 ./Core/Src/usart.o
 .comment       0x0000000000000043       0x44 ./Drivers/STM32G0xx_HAL_Driver/Src/stm32g0xx_hal.o
 .comment       0x0000000000000043       0x44 ./Drivers/STM32G0xx_HAL_Driver/Src/stm32g0xx_hal_adc.o
 .comment       0x0000000000000043       0x44 ./Drivers/STM32G0xx_HAL_Driver/Src/stm32g0xx_hal_cortex.o
 .comment       0x0000000000000043       0x44 ./Drivers/STM32G0xx_HAL_Driver/Src/stm32g0xx_hal_gpio.o
 .comment       0x0000000000000043       0x44 ./Drivers/STM32G0xx_HAL_Driver/Src/stm32g0xx_hal_pwr_ex.o
 .comment       0x0000000000000043       0x44 ./Drivers/STM32G0xx_HAL_Driver/Src/stm32g0xx_hal_rcc.o
 .comment       0x0000000000000043       0x44 ./Drivers/STM32G0xx_HAL_Driver/Src/stm32g0xx_hal_rcc_ex.o
 .comment       0x0000000000000043       0x44 ./Drivers/STM32G0xx_HAL_Driver/Src/stm32g0xx_hal_spi.o
 .comment       0x0000000000000043       0x44 ./Drivers/STM32G0xx_HAL_Driver/Src/stm32g0xx_hal_tim.o
 .comment       0x0000000000000043       0x44 ./Drivers/STM32G0xx_HAL_Driver/Src/stm32g0xx_hal_tim_ex.o
 .comment       0x0000000000000043       0x44 ./Drivers/STM32G0xx_HAL_Driver/Src/stm32g0xx_hal_uart.o
 .comment       0x0000000000000043       0x44 ./Drivers/STM32G0xx_HAL_Driver/Src/stm32g0xx_hal_uart_ex.o
 .comment       0x0000000000000043       0x44 ./User/Config/DEV_Config.o
 .comment       0x0000000000000043       0x44 ./User/Fonts/font16.o
 .comment       0x0000000000000043       0x44 ./User/GUI_DEV/GUI_Paint.o
 .comment       0x0000000000000043       0x44 ./User/LCD/LCD_1inch28.o

.debug_info     0x0000000000000000    0x15ca9
 .debug_info    0x0000000000000000      0xb2b ./Core/Src/adc.o
 .debug_info    0x0000000000000b2b      0x3f7 ./Core/Src/gpio.o
 .debug_info    0x0000000000000f22      0xc81 ./Core/Src/main.o
 .debug_info    0x0000000000001ba3      0xa44 ./Core/Src/spi.o
 .debug_info    0x00000000000025e7      0x265 ./Core/Src/stm32g0xx_hal_msp.o
 .debug_info    0x000000000000284c      0x117 ./Core/Src/stm32g0xx_it.o
 .debug_info    0x0000000000002963      0x316 ./Core/Src/system_stm32g0xx.o
 .debug_info    0x0000000000002c79      0xce8 ./Core/Src/tim.o
 .debug_info    0x0000000000003961      0xbd5 ./Core/Src/usart.o
 .debug_info    0x0000000000004536       0x23 ./Core/Startup/startup_stm32g030f6px.o
 .debug_info    0x0000000000004559      0x8f0 ./Drivers/STM32G0xx_HAL_Driver/Src/stm32g0xx_hal.o
 .debug_info    0x0000000000004e49     0x155e ./Drivers/STM32G0xx_HAL_Driver/Src/stm32g0xx_hal_adc.o
 .debug_info    0x00000000000063a7      0x8a9 ./Drivers/STM32G0xx_HAL_Driver/Src/stm32g0xx_hal_cortex.o
 .debug_info    0x0000000000006c50      0x59d ./Drivers/STM32G0xx_HAL_Driver/Src/stm32g0xx_hal_gpio.o
 .debug_info    0x00000000000071ed      0x496 ./Drivers/STM32G0xx_HAL_Driver/Src/stm32g0xx_hal_pwr_ex.o
 .debug_info    0x0000000000007683      0xad0 ./Drivers/STM32G0xx_HAL_Driver/Src/stm32g0xx_hal_rcc.o
 .debug_info    0x0000000000008153      0x72b ./Drivers/STM32G0xx_HAL_Driver/Src/stm32g0xx_hal_rcc_ex.o
 .debug_info    0x000000000000887e     0x1720 ./Drivers/STM32G0xx_HAL_Driver/Src/stm32g0xx_hal_spi.o
 .debug_info    0x0000000000009f9e     0x2ba7 ./Drivers/STM32G0xx_HAL_Driver/Src/stm32g0xx_hal_tim.o
 .debug_info    0x000000000000cb45     0x18b8 ./Drivers/STM32G0xx_HAL_Driver/Src/stm32g0xx_hal_tim_ex.o
 .debug_info    0x000000000000e3fd     0x483c ./Drivers/STM32G0xx_HAL_Driver/Src/stm32g0xx_hal_uart.o
 .debug_info    0x0000000000012c39      0xf95 ./Drivers/STM32G0xx_HAL_Driver/Src/stm32g0xx_hal_uart_ex.o
 .debug_info    0x0000000000013bce      0xc31 ./User/Config/DEV_Config.o
 .debug_info    0x00000000000147ff      0x12c ./User/Fonts/font16.o
 .debug_info    0x000000000001492b      0xd29 ./User/GUI_DEV/GUI_Paint.o
 .debug_info    0x0000000000015654      0x655 ./User/LCD/LCD_1inch28.o

.debug_abbrev   0x0000000000000000     0x339a
 .debug_abbrev  0x0000000000000000      0x1f4 ./Core/Src/adc.o
 .debug_abbrev  0x00000000000001f4      0x158 ./Core/Src/gpio.o
 .debug_abbrev  0x000000000000034c      0x25d ./Core/Src/main.o
 .debug_abbrev  0x00000000000005a9      0x1fd ./Core/Src/spi.o
 .debug_abbrev  0x00000000000007a6       0xdd ./Core/Src/stm32g0xx_hal_msp.o
 .debug_abbrev  0x0000000000000883       0xac ./Core/Src/stm32g0xx_it.o
 .debug_abbrev  0x000000000000092f      0x119 ./Core/Src/system_stm32g0xx.o
 .debug_abbrev  0x0000000000000a48      0x218 ./Core/Src/tim.o
 .debug_abbrev  0x0000000000000c60      0x20e ./Core/Src/usart.o
 .debug_abbrev  0x0000000000000e6e       0x12 ./Core/Startup/startup_stm32g030f6px.o
 .debug_abbrev  0x0000000000000e80      0x2b4 ./Drivers/STM32G0xx_HAL_Driver/Src/stm32g0xx_hal.o
 .debug_abbrev  0x0000000000001134      0x267 ./Drivers/STM32G0xx_HAL_Driver/Src/stm32g0xx_hal_adc.o
 .debug_abbrev  0x000000000000139b      0x2ab ./Drivers/STM32G0xx_HAL_Driver/Src/stm32g0xx_hal_cortex.o
 .debug_abbrev  0x0000000000001646      0x1c3 ./Drivers/STM32G0xx_HAL_Driver/Src/stm32g0xx_hal_gpio.o
 .debug_abbrev  0x0000000000001809      0x1d7 ./Drivers/STM32G0xx_HAL_Driver/Src/stm32g0xx_hal_pwr_ex.o
 .debug_abbrev  0x00000000000019e0      0x2a9 ./Drivers/STM32G0xx_HAL_Driver/Src/stm32g0xx_hal_rcc.o
 .debug_abbrev  0x0000000000001c89      0x229 ./Drivers/STM32G0xx_HAL_Driver/Src/stm32g0xx_hal_rcc_ex.o
 .debug_abbrev  0x0000000000001eb2      0x28f ./Drivers/STM32G0xx_HAL_Driver/Src/stm32g0xx_hal_spi.o
 .debug_abbrev  0x0000000000002141      0x29b ./Drivers/STM32G0xx_HAL_Driver/Src/stm32g0xx_hal_tim.o
 .debug_abbrev  0x00000000000023dc      0x2ab ./Drivers/STM32G0xx_HAL_Driver/Src/stm32g0xx_hal_tim_ex.o
 .debug_abbrev  0x0000000000002687      0x326 ./Drivers/STM32G0xx_HAL_Driver/Src/stm32g0xx_hal_uart.o
 .debug_abbrev  0x00000000000029ad      0x2e5 ./Drivers/STM32G0xx_HAL_Driver/Src/stm32g0xx_hal_uart_ex.o
 .debug_abbrev  0x0000000000002c92      0x216 ./User/Config/DEV_Config.o
 .debug_abbrev  0x0000000000002ea8       0xb1 ./User/Fonts/font16.o
 .debug_abbrev  0x0000000000002f59      0x200 ./User/GUI_DEV/GUI_Paint.o
 .debug_abbrev  0x0000000000003159      0x241 ./User/LCD/LCD_1inch28.o

.debug_aranges  0x0000000000000000     0x1338
 .debug_aranges
                0x0000000000000000       0x30 ./Core/Src/adc.o
 .debug_aranges
                0x0000000000000030       0x20 ./Core/Src/gpio.o
 .debug_aranges
                0x0000000000000050       0x30 ./Core/Src/main.o
 .debug_aranges
                0x0000000000000080       0x38 ./Core/Src/spi.o
 .debug_aranges
                0x00000000000000b8       0x20 ./Core/Src/stm32g0xx_hal_msp.o
 .debug_aranges
                0x00000000000000d8       0x40 ./Core/Src/stm32g0xx_it.o
 .debug_aranges
                0x0000000000000118       0x28 ./Core/Src/system_stm32g0xx.o
 .debug_aranges
                0x0000000000000140       0x38 ./Core/Src/tim.o
 .debug_aranges
                0x0000000000000178       0x30 ./Core/Src/usart.o
 .debug_aranges
                0x00000000000001a8       0x28 ./Core/Startup/startup_stm32g030f6px.o
 .debug_aranges
                0x00000000000001d0      0x100 ./Drivers/STM32G0xx_HAL_Driver/Src/stm32g0xx_hal.o
 .debug_aranges
                0x00000000000002d0      0x1f0 ./Drivers/STM32G0xx_HAL_Driver/Src/stm32g0xx_hal_adc.o
 .debug_aranges
                0x00000000000004c0       0xe8 ./Drivers/STM32G0xx_HAL_Driver/Src/stm32g0xx_hal_cortex.o
 .debug_aranges
                0x00000000000005a8       0x60 ./Drivers/STM32G0xx_HAL_Driver/Src/stm32g0xx_hal_gpio.o
 .debug_aranges
                0x0000000000000608       0x98 ./Drivers/STM32G0xx_HAL_Driver/Src/stm32g0xx_hal_pwr_ex.o
 .debug_aranges
                0x00000000000006a0       0xa0 ./Drivers/STM32G0xx_HAL_Driver/Src/stm32g0xx_hal_rcc.o
 .debug_aranges
                0x0000000000000740       0x40 ./Drivers/STM32G0xx_HAL_Driver/Src/stm32g0xx_hal_rcc_ex.o
 .debug_aranges
                0x0000000000000780      0x1d8 ./Drivers/STM32G0xx_HAL_Driver/Src/stm32g0xx_hal_spi.o
 .debug_aranges
                0x0000000000000958      0x3e0 ./Drivers/STM32G0xx_HAL_Driver/Src/stm32g0xx_hal_tim.o
 .debug_aranges
                0x0000000000000d38      0x198 ./Drivers/STM32G0xx_HAL_Driver/Src/stm32g0xx_hal_tim_ex.o
 .debug_aranges
                0x0000000000000ed0      0x248 ./Drivers/STM32G0xx_HAL_Driver/Src/stm32g0xx_hal_uart.o
 .debug_aranges
                0x0000000000001118       0xa8 ./Drivers/STM32G0xx_HAL_Driver/Src/stm32g0xx_hal_uart_ex.o
 .debug_aranges
                0x00000000000011c0       0x38 ./User/Config/DEV_Config.o
 .debug_aranges
                0x00000000000011f8       0x18 ./User/Fonts/font16.o
 .debug_aranges
                0x0000000000001210       0xa8 ./User/GUI_DEV/GUI_Paint.o
 .debug_aranges
                0x00000000000012b8       0x80 ./User/LCD/LCD_1inch28.o

.debug_rnglists
                0x0000000000000000      0xeef
 .debug_rnglists
                0x0000000000000000       0x21 ./Core/Src/adc.o
 .debug_rnglists
                0x0000000000000021       0x14 ./Core/Src/gpio.o
 .debug_rnglists
                0x0000000000000035       0x21 ./Core/Src/main.o
 .debug_rnglists
                0x0000000000000056       0x26 ./Core/Src/spi.o
 .debug_rnglists
                0x000000000000007c       0x13 ./Core/Src/stm32g0xx_hal_msp.o
 .debug_rnglists
                0x000000000000008f       0x2b ./Core/Src/stm32g0xx_it.o
 .debug_rnglists
                0x00000000000000ba       0x1a ./Core/Src/system_stm32g0xx.o
 .debug_rnglists
                0x00000000000000d4       0x26 ./Core/Src/tim.o
 .debug_rnglists
                0x00000000000000fa       0x21 ./Core/Src/usart.o
 .debug_rnglists
                0x000000000000011b       0x19 ./Core/Startup/startup_stm32g030f6px.o
 .debug_rnglists
                0x0000000000000134       0xbc ./Drivers/STM32G0xx_HAL_Driver/Src/stm32g0xx_hal.o
 .debug_rnglists
                0x00000000000001f0      0x17f ./Drivers/STM32G0xx_HAL_Driver/Src/stm32g0xx_hal_adc.o
 .debug_rnglists
                0x000000000000036f       0xaa ./Drivers/STM32G0xx_HAL_Driver/Src/stm32g0xx_hal_cortex.o
 .debug_rnglists
                0x0000000000000419       0x45 ./Drivers/STM32G0xx_HAL_Driver/Src/stm32g0xx_hal_gpio.o
 .debug_rnglists
                0x000000000000045e       0x72 ./Drivers/STM32G0xx_HAL_Driver/Src/stm32g0xx_hal_pwr_ex.o
 .debug_rnglists
                0x00000000000004d0       0x79 ./Drivers/STM32G0xx_HAL_Driver/Src/stm32g0xx_hal_rcc.o
 .debug_rnglists
                0x0000000000000549       0x2f ./Drivers/STM32G0xx_HAL_Driver/Src/stm32g0xx_hal_rcc_ex.o
 .debug_rnglists
                0x0000000000000578      0x17a ./Drivers/STM32G0xx_HAL_Driver/Src/stm32g0xx_hal_spi.o
 .debug_rnglists
                0x00000000000006f2      0x32a ./Drivers/STM32G0xx_HAL_Driver/Src/stm32g0xx_hal_tim.o
 .debug_rnglists
                0x0000000000000a1c      0x14e ./Drivers/STM32G0xx_HAL_Driver/Src/stm32g0xx_hal_tim_ex.o
 .debug_rnglists
                0x0000000000000b6a      0x1fb ./Drivers/STM32G0xx_HAL_Driver/Src/stm32g0xx_hal_uart.o
 .debug_rnglists
                0x0000000000000d65       0x80 ./Drivers/STM32G0xx_HAL_Driver/Src/stm32g0xx_hal_uart_ex.o
 .debug_rnglists
                0x0000000000000de5       0x25 ./User/Config/DEV_Config.o
 .debug_rnglists
                0x0000000000000e0a       0x86 ./User/GUI_DEV/GUI_Paint.o
 .debug_rnglists
                0x0000000000000e90       0x5f ./User/LCD/LCD_1inch28.o

.debug_macro    0x0000000000000000    0x189fd
 .debug_macro   0x0000000000000000      0x235 ./Core/Src/adc.o
 .debug_macro   0x0000000000000235      0xa7e ./Core/Src/adc.o
 .debug_macro   0x0000000000000cb3      0x129 ./Core/Src/adc.o
 .debug_macro   0x0000000000000ddc       0x2e ./Core/Src/adc.o
 .debug_macro   0x0000000000000e0a       0x28 ./Core/Src/adc.o
 .debug_macro   0x0000000000000e32       0x22 ./Core/Src/adc.o
 .debug_macro   0x0000000000000e54       0x8e ./Core/Src/adc.o
 .debug_macro   0x0000000000000ee2       0x51 ./Core/Src/adc.o
 .debug_macro   0x0000000000000f33      0x103 ./Core/Src/adc.o
 .debug_macro   0x0000000000001036       0x6a ./Core/Src/adc.o
 .debug_macro   0x00000000000010a0      0x1df ./Core/Src/adc.o
 .debug_macro   0x000000000000127f       0x1c ./Core/Src/adc.o
 .debug_macro   0x000000000000129b       0x22 ./Core/Src/adc.o
 .debug_macro   0x00000000000012bd       0xd1 ./Core/Src/adc.o
 .debug_macro   0x000000000000138e      0x4da ./Core/Src/adc.o
 .debug_macro   0x0000000000001868      0x11f ./Core/Src/adc.o
 .debug_macro   0x0000000000001987     0xa0e8 ./Core/Src/adc.o
 .debug_macro   0x000000000000ba6f       0x66 ./Core/Src/adc.o
 .debug_macro   0x000000000000bad5     0x350e ./Core/Src/adc.o
 .debug_macro   0x000000000000efe3      0x174 ./Core/Src/adc.o
 .debug_macro   0x000000000000f157       0x5c ./Core/Src/adc.o
 .debug_macro   0x000000000000f1b3      0x462 ./Core/Src/adc.o
 .debug_macro   0x000000000000f615      0xe1a ./Core/Src/adc.o
 .debug_macro   0x000000000001042f      0x106 ./Core/Src/adc.o
 .debug_macro   0x0000000000010535      0x1cf ./Core/Src/adc.o
 .debug_macro   0x0000000000010704       0xff ./Core/Src/adc.o
 .debug_macro   0x0000000000010803      0x33c ./Core/Src/adc.o
 .debug_macro   0x0000000000010b3f      0x202 ./Core/Src/adc.o
 .debug_macro   0x0000000000010d41      0x2c7 ./Core/Src/adc.o
 .debug_macro   0x0000000000011008      0x198 ./Core/Src/adc.o
 .debug_macro   0x00000000000111a0       0x43 ./Core/Src/adc.o
 .debug_macro   0x00000000000111e3      0x1f1 ./Core/Src/adc.o
 .debug_macro   0x00000000000113d4      0x8a1 ./Core/Src/adc.o
 .debug_macro   0x0000000000011c75      0x5ad ./Core/Src/adc.o
 .debug_macro   0x0000000000012222       0x2e ./Core/Src/adc.o
 .debug_macro   0x0000000000012250      0x1d6 ./Core/Src/adc.o
 .debug_macro   0x0000000000012426      0x2a3 ./Core/Src/adc.o
 .debug_macro   0x00000000000126c9       0x28 ./Core/Src/adc.o
 .debug_macro   0x00000000000126f1       0xcf ./Core/Src/adc.o
 .debug_macro   0x00000000000127c0       0xff ./Core/Src/adc.o
 .debug_macro   0x00000000000128bf      0x10d ./Core/Src/adc.o
 .debug_macro   0x00000000000129cc      0x2fe ./Core/Src/adc.o
 .debug_macro   0x0000000000012cca      0xac2 ./Core/Src/adc.o
 .debug_macro   0x000000000001378c       0xfa ./Core/Src/adc.o
 .debug_macro   0x0000000000013886      0x693 ./Core/Src/adc.o
 .debug_macro   0x0000000000013f19       0xa6 ./Core/Src/adc.o
 .debug_macro   0x0000000000013fbf      0x412 ./Core/Src/adc.o
 .debug_macro   0x00000000000143d1       0x70 ./Core/Src/adc.o
 .debug_macro   0x0000000000014441      0x235 ./Core/Src/gpio.o
 .debug_macro   0x0000000000014676      0x3ad ./Core/Src/main.o
 .debug_macro   0x0000000000014a23       0x61 ./Core/Src/main.o
 .debug_macro   0x0000000000014a84       0x24 ./Core/Src/main.o
 .debug_macro   0x0000000000014aa8       0x43 ./Core/Src/main.o
 .debug_macro   0x0000000000014aeb       0x34 ./Core/Src/main.o
 .debug_macro   0x0000000000014b1f       0x16 ./Core/Src/main.o
 .debug_macro   0x0000000000014b35       0x35 ./Core/Src/main.o
 .debug_macro   0x0000000000014b6a      0x369 ./Core/Src/main.o
 .debug_macro   0x0000000000014ed3       0x10 ./Core/Src/main.o
 .debug_macro   0x0000000000014ee3       0x16 ./Core/Src/main.o
 .debug_macro   0x0000000000014ef9       0x43 ./Core/Src/main.o
 .debug_macro   0x0000000000014f3c       0x34 ./Core/Src/main.o
 .debug_macro   0x0000000000014f70       0x10 ./Core/Src/main.o
 .debug_macro   0x0000000000014f80       0x58 ./Core/Src/main.o
 .debug_macro   0x0000000000014fd8       0x8e ./Core/Src/main.o
 .debug_macro   0x0000000000015066       0x1c ./Core/Src/main.o
 .debug_macro   0x0000000000015082      0x177 ./Core/Src/main.o
 .debug_macro   0x00000000000151f9       0x16 ./Core/Src/main.o
 .debug_macro   0x000000000001520f       0x16 ./Core/Src/main.o
 .debug_macro   0x0000000000015225      0x147 ./Core/Src/main.o
 .debug_macro   0x000000000001536c       0x4c ./Core/Src/main.o
 .debug_macro   0x00000000000153b8       0x1c ./Core/Src/main.o
 .debug_macro   0x00000000000153d4       0xdd ./Core/Src/main.o
 .debug_macro   0x00000000000154b1       0x16 ./Core/Src/main.o
 .debug_macro   0x00000000000154c7       0x16 ./Core/Src/main.o
 .debug_macro   0x00000000000154dd       0x29 ./Core/Src/main.o
 .debug_macro   0x0000000000015506       0x4c ./Core/Src/main.o
 .debug_macro   0x0000000000015552      0x235 ./Core/Src/spi.o
 .debug_macro   0x0000000000015787      0x22b ./Core/Src/stm32g0xx_hal_msp.o
 .debug_macro   0x00000000000159b2      0x235 ./Core/Src/stm32g0xx_it.o
 .debug_macro   0x0000000000015be7      0x21c ./Core/Src/system_stm32g0xx.o
 .debug_macro   0x0000000000015e03      0x235 ./Core/Src/tim.o
 .debug_macro   0x0000000000016038      0x235 ./Core/Src/usart.o
 .debug_macro   0x000000000001626d      0x23a ./Drivers/STM32G0xx_HAL_Driver/Src/stm32g0xx_hal.o
 .debug_macro   0x00000000000164a7      0x240 ./Drivers/STM32G0xx_HAL_Driver/Src/stm32g0xx_hal_adc.o
 .debug_macro   0x00000000000166e7      0x21c ./Drivers/STM32G0xx_HAL_Driver/Src/stm32g0xx_hal_cortex.o
 .debug_macro   0x0000000000016903      0x223 ./Drivers/STM32G0xx_HAL_Driver/Src/stm32g0xx_hal_gpio.o
 .debug_macro   0x0000000000016b26      0x22e ./Drivers/STM32G0xx_HAL_Driver/Src/stm32g0xx_hal_pwr_ex.o
 .debug_macro   0x0000000000016d54      0x25e ./Drivers/STM32G0xx_HAL_Driver/Src/stm32g0xx_hal_rcc.o
 .debug_macro   0x0000000000016fb2      0x234 ./Drivers/STM32G0xx_HAL_Driver/Src/stm32g0xx_hal_rcc_ex.o
 .debug_macro   0x00000000000171e6      0x224 ./Drivers/STM32G0xx_HAL_Driver/Src/stm32g0xx_hal_spi.o
 .debug_macro   0x000000000001740a      0x224 ./Drivers/STM32G0xx_HAL_Driver/Src/stm32g0xx_hal_tim.o
 .debug_macro   0x000000000001762e      0x222 ./Drivers/STM32G0xx_HAL_Driver/Src/stm32g0xx_hal_tim_ex.o
 .debug_macro   0x0000000000017850      0x247 ./Drivers/STM32G0xx_HAL_Driver/Src/stm32g0xx_hal_uart.o
 .debug_macro   0x0000000000017a97      0x228 ./Drivers/STM32G0xx_HAL_Driver/Src/stm32g0xx_hal_uart_ex.o
 .debug_macro   0x0000000000017cbf      0x324 ./User/Config/DEV_Config.o
 .debug_macro   0x0000000000017fe3       0x76 ./User/Config/DEV_Config.o
 .debug_macro   0x0000000000018059       0x6c ./User/Fonts/font16.o
 .debug_macro   0x00000000000180c5      0x3ba ./User/GUI_DEV/GUI_Paint.o
 .debug_macro   0x000000000001847f       0x16 ./User/GUI_DEV/GUI_Paint.o
 .debug_macro   0x0000000000018495       0x20 ./User/GUI_DEV/GUI_Paint.o
 .debug_macro   0x00000000000184b5      0x19b ./User/GUI_DEV/GUI_Paint.o
 .debug_macro   0x0000000000018650      0x367 ./User/LCD/LCD_1inch28.o
 .debug_macro   0x00000000000189b7       0x46 ./User/LCD/LCD_1inch28.o

.debug_line     0x0000000000000000    0x1a060
 .debug_line    0x0000000000000000      0x89a ./Core/Src/adc.o
 .debug_line    0x000000000000089a      0x83e ./Core/Src/gpio.o
 .debug_line    0x00000000000010d8      0xc54 ./Core/Src/main.o
 .debug_line    0x0000000000001d2c      0x90e ./Core/Src/spi.o
 .debug_line    0x000000000000263a      0x80a ./Core/Src/stm32g0xx_hal_msp.o
 .debug_line    0x0000000000002e44      0x86e ./Core/Src/stm32g0xx_it.o
 .debug_line    0x00000000000036b2      0x87c ./Core/Src/system_stm32g0xx.o
 .debug_line    0x0000000000003f2e      0x8d4 ./Core/Src/tim.o
 .debug_line    0x0000000000004802      0x8a8 ./Core/Src/usart.o
 .debug_line    0x00000000000050aa       0x7b ./Core/Startup/startup_stm32g030f6px.o
 .debug_line    0x0000000000005125      0xb37 ./Drivers/STM32G0xx_HAL_Driver/Src/stm32g0xx_hal.o
 .debug_line    0x0000000000005c5c     0x19e2 ./Drivers/STM32G0xx_HAL_Driver/Src/stm32g0xx_hal_adc.o
 .debug_line    0x000000000000763e      0xc61 ./Drivers/STM32G0xx_HAL_Driver/Src/stm32g0xx_hal_cortex.o
 .debug_line    0x000000000000829f      0xc1f ./Drivers/STM32G0xx_HAL_Driver/Src/stm32g0xx_hal_gpio.o
 .debug_line    0x0000000000008ebe      0xa47 ./Drivers/STM32G0xx_HAL_Driver/Src/stm32g0xx_hal_pwr_ex.o
 .debug_line    0x0000000000009905      0xfdd ./Drivers/STM32G0xx_HAL_Driver/Src/stm32g0xx_hal_rcc.o
 .debug_line    0x000000000000a8e2      0xb89 ./Drivers/STM32G0xx_HAL_Driver/Src/stm32g0xx_hal_rcc_ex.o
 .debug_line    0x000000000000b46b     0x1fcf ./Drivers/STM32G0xx_HAL_Driver/Src/stm32g0xx_hal_spi.o
 .debug_line    0x000000000000d43a     0x3c60 ./Drivers/STM32G0xx_HAL_Driver/Src/stm32g0xx_hal_tim.o
 .debug_line    0x000000000001109a     0x1cab ./Drivers/STM32G0xx_HAL_Driver/Src/stm32g0xx_hal_tim_ex.o
 .debug_line    0x0000000000012d45     0x3550 ./Drivers/STM32G0xx_HAL_Driver/Src/stm32g0xx_hal_uart.o
 .debug_line    0x0000000000016295      0xeb9 ./Drivers/STM32G0xx_HAL_Driver/Src/stm32g0xx_hal_uart_ex.o
 .debug_line    0x000000000001714e      0x9c7 ./User/Config/DEV_Config.o
 .debug_line    0x0000000000017b15      0x409 ./User/Fonts/font16.o
 .debug_line    0x0000000000017f1e     0x1459 ./User/GUI_DEV/GUI_Paint.o
 .debug_line    0x0000000000019377      0xce9 ./User/LCD/LCD_1inch28.o

.debug_str      0x0000000000000000    0x97318
 .debug_str     0x0000000000000000    0x8d818 ./Core/Src/adc.o
                                      0x8df36 (size before relaxing)
 .debug_str     0x000000000008d818       0x68 ./Core/Src/gpio.o
                                      0x8d98e (size before relaxing)
 .debug_str     0x000000000008d880     0x41ce ./Core/Src/main.o
                                      0x91f7b (size before relaxing)
 .debug_str     0x0000000000091a4e      0x230 ./Core/Src/spi.o
                                      0x8dea4 (size before relaxing)
 .debug_str     0x0000000000091c7e       0x2c ./Core/Src/stm32g0xx_hal_msp.o
                                      0x8d8c3 (size before relaxing)
 .debug_str     0x0000000000091caa       0x82 ./Core/Src/stm32g0xx_it.o
                                      0x8d841 (size before relaxing)
 .debug_str     0x0000000000091d2c       0x8e ./Core/Src/system_stm32g0xx.o
                                      0x8d790 (size before relaxing)
 .debug_str     0x0000000000091dba      0x4a8 ./Core/Src/tim.o
                                      0x8e16f (size before relaxing)
 .debug_str     0x0000000000092262      0x33b ./Core/Src/usart.o
                                      0x8e027 (size before relaxing)
 .debug_str     0x000000000009259d       0x34 ./Core/Startup/startup_stm32g030f6px.o
                                         0x80 (size before relaxing)
 .debug_str     0x00000000000925d1      0x5d8 ./Drivers/STM32G0xx_HAL_Driver/Src/stm32g0xx_hal.o
                                      0x8de1b (size before relaxing)
 .debug_str     0x0000000000092ba9      0x89c ./Drivers/STM32G0xx_HAL_Driver/Src/stm32g0xx_hal_adc.o
                                      0x8e54b (size before relaxing)
 .debug_str     0x0000000000093445      0x2a8 ./Drivers/STM32G0xx_HAL_Driver/Src/stm32g0xx_hal_cortex.o
                                      0x8dbe2 (size before relaxing)
 .debug_str     0x00000000000936ed      0x13d ./Drivers/STM32G0xx_HAL_Driver/Src/stm32g0xx_hal_gpio.o
                                      0x8d8c5 (size before relaxing)
 .debug_str     0x000000000009382a      0x211 ./Drivers/STM32G0xx_HAL_Driver/Src/stm32g0xx_hal_pwr_ex.o
                                      0x8d9e4 (size before relaxing)
 .debug_str     0x0000000000093a3b      0x4ae ./Drivers/STM32G0xx_HAL_Driver/Src/stm32g0xx_hal_rcc.o
                                      0x8deb4 (size before relaxing)
 .debug_str     0x0000000000093ee9      0x185 ./Drivers/STM32G0xx_HAL_Driver/Src/stm32g0xx_hal_rcc_ex.o
                                      0x8dacc (size before relaxing)
 .debug_str     0x000000000009406e      0x577 ./Drivers/STM32G0xx_HAL_Driver/Src/stm32g0xx_hal_spi.o
                                      0x8e176 (size before relaxing)
 .debug_str     0x00000000000945e5      0xe20 ./Drivers/STM32G0xx_HAL_Driver/Src/stm32g0xx_hal_tim.o
                                      0x8ecd2 (size before relaxing)
 .debug_str     0x0000000000095405      0x582 ./Drivers/STM32G0xx_HAL_Driver/Src/stm32g0xx_hal_tim_ex.o
                                      0x8e660 (size before relaxing)
 .debug_str     0x0000000000095987      0x9b2 ./Drivers/STM32G0xx_HAL_Driver/Src/stm32g0xx_hal_uart.o
                                      0x8e75b (size before relaxing)
 .debug_str     0x0000000000096339      0x264 ./Drivers/STM32G0xx_HAL_Driver/Src/stm32g0xx_hal_uart_ex.o
                                      0x8e01a (size before relaxing)
 .debug_str     0x000000000009659d       0x4c ./User/Config/DEV_Config.o
                                      0x919f6 (size before relaxing)
 .debug_str     0x00000000000965e9       0x24 ./User/Fonts/font16.o
                                       0x3c97 (size before relaxing)
 .debug_str     0x000000000009660d      0xbdd ./User/GUI_DEV/GUI_Paint.o
                                      0x921c7 (size before relaxing)
 .debug_str     0x00000000000971ea      0x12e ./User/LCD/LCD_1inch28.o
                                      0x915e5 (size before relaxing)

.debug_frame    0x0000000000000000     0x4494
 .debug_frame   0x0000000000000000       0x70 ./Core/Src/adc.o
 .debug_frame   0x0000000000000070       0x30 ./Core/Src/gpio.o
 .debug_frame   0x00000000000000a0       0x6c ./Core/Src/main.o
 .debug_frame   0x000000000000010c       0x88 ./Core/Src/spi.o
 .debug_frame   0x0000000000000194       0x30 ./Core/Src/stm32g0xx_hal_msp.o
 .debug_frame   0x00000000000001c4       0x9c ./Core/Src/stm32g0xx_it.o
 .debug_frame   0x0000000000000260       0x4c ./Core/Src/system_stm32g0xx.o
 .debug_frame   0x00000000000002ac       0x90 ./Core/Src/tim.o
 .debug_frame   0x000000000000033c       0x6c ./Core/Src/usart.o
 .debug_frame   0x00000000000003a8      0x360 ./Drivers/STM32G0xx_HAL_Driver/Src/stm32g0xx_hal.o
 .debug_frame   0x0000000000000708      0x78c ./Drivers/STM32G0xx_HAL_Driver/Src/stm32g0xx_hal_adc.o
 .debug_frame   0x0000000000000e94      0x33c ./Drivers/STM32G0xx_HAL_Driver/Src/stm32g0xx_hal_cortex.o
 .debug_frame   0x00000000000011d0      0x130 ./Drivers/STM32G0xx_HAL_Driver/Src/stm32g0xx_hal_gpio.o
 .debug_frame   0x0000000000001300      0x1f4 ./Drivers/STM32G0xx_HAL_Driver/Src/stm32g0xx_hal_pwr_ex.o
 .debug_frame   0x00000000000014f4      0x214 ./Drivers/STM32G0xx_HAL_Driver/Src/stm32g0xx_hal_rcc.o
 .debug_frame   0x0000000000001708       0xb0 ./Drivers/STM32G0xx_HAL_Driver/Src/stm32g0xx_hal_rcc_ex.o
 .debug_frame   0x00000000000017b8      0x710 ./Drivers/STM32G0xx_HAL_Driver/Src/stm32g0xx_hal_spi.o
 .debug_frame   0x0000000000001ec8      0xf40 ./Drivers/STM32G0xx_HAL_Driver/Src/stm32g0xx_hal_tim.o
 .debug_frame   0x0000000000002e08      0x620 ./Drivers/STM32G0xx_HAL_Driver/Src/stm32g0xx_hal_tim_ex.o
 .debug_frame   0x0000000000003428      0x8d4 ./Drivers/STM32G0xx_HAL_Driver/Src/stm32g0xx_hal_uart.o
 .debug_frame   0x0000000000003cfc      0x258 ./Drivers/STM32G0xx_HAL_Driver/Src/stm32g0xx_hal_uart_ex.o
 .debug_frame   0x0000000000003f54       0x88 ./User/Config/DEV_Config.o
 .debug_frame   0x0000000000003fdc      0x278 ./User/GUI_DEV/GUI_Paint.o
 .debug_frame   0x0000000000004254      0x1b4 ./User/LCD/LCD_1inch28.o
 .debug_frame   0x0000000000004408       0x20 C:/ST/STM32CubeIDE_1.12.0/STM32CubeIDE/plugins/com.st.stm32cube.ide.mcu.externaltools.gnu-tools-for-stm32.11.3.rel1.win32_1.1.100.202309141235/tools/bin/../lib/gcc/arm-none-eabi/11.3.1/../../../../arm-none-eabi/lib/thumb/v6-m/nofp\libc_nano.a(libc_a-memset.o)
 .debug_frame   0x0000000000004428       0x2c C:/ST/STM32CubeIDE_1.12.0/STM32CubeIDE/plugins/com.st.stm32cube.ide.mcu.externaltools.gnu-tools-for-stm32.11.3.rel1.win32_1.1.100.202309141235/tools/bin/../lib/gcc/arm-none-eabi/11.3.1/../../../../arm-none-eabi/lib/thumb/v6-m/nofp\libc_nano.a(libc_a-init.o)
 .debug_frame   0x0000000000004454       0x20 C:/ST/STM32CubeIDE_1.12.0/STM32CubeIDE/plugins/com.st.stm32cube.ide.mcu.externaltools.gnu-tools-for-stm32.11.3.rel1.win32_1.1.100.202309141235/tools/bin/../lib/gcc/arm-none-eabi/11.3.1/thumb/v6-m/nofp\libgcc.a(_udivsi3.o)
 .debug_frame   0x0000000000004474       0x20 C:/ST/STM32CubeIDE_1.12.0/STM32CubeIDE/plugins/com.st.stm32cube.ide.mcu.externaltools.gnu-tools-for-stm32.11.3.rel1.win32_1.1.100.202309141235/tools/bin/../lib/gcc/arm-none-eabi/11.3.1/thumb/v6-m/nofp\libgcc.a(_divsi3.o)

.debug_line_str
                0x0000000000000000       0x74
 .debug_line_str
                0x0000000000000000       0x74 ./Core/Startup/startup_stm32g030f6px.o
                                         0x8c (size before relaxing)
