../User/LCD/LCD_1inch28.c:27:13:LCD_1IN28_Reset	8	static
../User/LCD/LCD_1inch28.c:42:13:LCD_1IN28_SendCommand	16	static
../User/LCD/LCD_1inch28.c:55:13:LCD_1IN28_SendData_8Bit	16	static
../User/LCD/LCD_1inch28.c:68:13:LCD_1IN28_SendData_16Bit	16	static
../User/LCD/LCD_1inch28.c:81:13:LCD_1IN28_InitReg	8	static
../User/LCD/LCD_1inch28.c:324:13:LCD_1IN28_SetAttributes	24	static
../User/LCD/LCD_1inch28.c:351:6:LCD_1IN28_Init	16	static
../User/LCD/LCD_1inch28.c:374:6:LCD_1IN28_SetWindows	24	static
../User/LCD/LCD_1inch28.c:397:6:LCD_1IN28_Clear	24	static
../User/LCD/LCD_1inch28.c:414:6:LCD_1IN28_Display	32	static
../User/LCD/LCD_1inch28.c:427:6:LCD_1IN28_DisplayWindows	32	static
../User/LCD/LCD_1inch28.c:451:6:LCD_1IN28_DrawPaint	24	static
../User/LCD/LCD_1inch28.c:463:6:LCD_1IN28_SetBackLight	16	static
