../User/LCD/LCD_1inch28.c:27:13:LCD_1IN28_Reset	8	static
../User/LCD/LCD_1inch28.c:44:13:LCD_1IN28_SendCommand	16	static
../User/LCD/LCD_1inch28.c:57:13:LCD_1IN28_SendData_8Bit	16	static
../User/LCD/LCD_1inch28.c:70:13:LCD_1IN28_SendData_16Bit	16	static
../User/LCD/LCD_1inch28.c:83:13:LCD_1IN28_InitReg	8	static
../User/LCD/LCD_1inch28.c:326:13:LCD_1IN28_SetAttributes	24	static
../User/LCD/LCD_1inch28.c:353:6:LCD_1IN28_Init	16	static
../User/LCD/LCD_1inch28.c:375:6:LCD_1IN28_SetWindows	24	static
../User/LCD/LCD_1inch28.c:398:6:LCD_1IN28_Clear	24	static
../User/LCD/LCD_1inch28.c:416:6:LCD_1IN28_Display	32	static
../User/LCD/LCD_1inch28.c:429:6:LCD_1IN28_DisplayWindows	32	static
../User/LCD/LCD_1inch28.c:453:6:LCD_1IN28_DrawPaint	24	static
../User/LCD/LCD_1inch28.c:465:6:LCD_1IN28_SetBackLight	16	static
